E1004 05:49:47.870095  989221 cuda_executor.cc:1743] Could not get kernel mode driver version: ( INVALID_ARGUMENT: Version does not match the format X.Y.Z )
E1004 05:49:47.883459  989182 cuda_executor.cc:1743] Could not get kernel mode driver version: ( INVALID_ARGUMENT: Version does not match the format X.Y.Z )
Failed to import warp: No module named 'warp'
Failed to import mujoco_warp: No module named 'warp'
{"run_id": "bptt-gpu", "step": 0, "eval/completion_rate": 1.0, "eval/rmse_all_m": 0.502600523255209, "eval/return": 1.4639074802398682, "eval/seconds": 8.235797266941518, "eval/quality_passed": 0.0, "quality_passed": false}
{"run_id": "bptt-gpu", "step": 4, "metrics": {"training/actor_grad_norm": 0.022674165666103363, "training/actor_loss": -0.36734825372695923, "training/updates": 1.0, "training/net_update_seconds": 0.0, "training/compile_and_first_update_s": 31.374950132798404}}
{"run_id": "bptt-gpu", "step": 4, "eval/completion_rate": 1.0, "eval/rmse_all_m": 0.5020882984828656, "eval/return": 1.4653996229171753, "eval/seconds": 0.31835777405649424, "eval/quality_passed": 0.0, "quality_passed": false}
{
  "algorithm": "bptt",
  "actual_steps": 4,
  "actor_parameter_delta_l2": 0.09126696013548118,
  "snapshots": 2,
  "best_checkpoint_eval_result": {
    "num_trials": 2,
    "completed": 2,
    "failed": 0,
    "completion_rate": 1.0,
    "rmse_completed_mean": 0.5020882984828656,
    "rmse_all_mean": 0.5020882984828656,
    "return_mean": 1.4653996229171753,
    "episodes": [
      {
        "case": 0,
        "seed": 20000,
        "completed": true,
        "failed": false,
        "steps": 4,
        "duration_s": 0.08,
        "rmse_m": 0.5020882984828656,
        "return": 1.4653996229171753,
        "reference_seed": 20000
      },
      {
        "case": 1,
        "seed": 20001,
        "completed": true,
        "failed": false,
        "steps": 4,
        "duration_s": 0.08,
        "rmse_m": 0.5020882984828656,
        "return": 1.4653996229171753,
        "reference_seed": 20000
      }
    ],
    "parameter_sha256": "6c9bfd10494ccad428e8708149affa98956c045676dd4e37cd9f8734fd92d354",
    "parameters_frozen": true,
    "task": "hovering",
    "dynamics": "so_rpy",
    "drone": "cf2x_L250",
    "reference_seed": 20000,
    "reference_sha256": "79a811d88cbdc254a278612388db635735915fbc975f88d694952762c21e9e20",
    "decision_p50_ms": 0.21850201301276684,
    "decision_p95_ms": 0.2829310717061163,
    "deadline_miss_fraction": 0.0,
    "decision_samples": 20,
    "warmup_decisions": 1,
    "decision_deadline_ms": 20.0,
    "timing_protocol": "observation available to executable command; synchronized completion; physics excluded",
    "sensor_timing": null,
    "quality_passed": false,
    "quality_rule": {
      "completion_rate": 0.9,
      "tracking_rmse_m": 0.25,
      "navigation_success_rate": 0.9,
      "navigation_scene_success_rate": 0.8
    },
    "step": 4,
    "checkpoint": "checkpoints/step-0000000004.pkl",
    "role": "eval"
  },
  "elapsed_seconds": 49.47258953610435,
  "quality_passed": false,
  "engineer_passed": true,
  "full_budget_completed": true,
  "live_publications": [],
  "trainer_metrics": {
    "training/actor_grad_norm": 0.022674165666103363,
    "training/actor_loss": -0.36734825372695923,
    "actual_steps": 4.0,
    "actor_parameter_delta_l2": 0.09126695990562439,
    "compile_and_first_update_seconds": 31.374950132798404,
    "net_update_seconds": 0.0,
    "window_resets": 0.0
  }
}
