tests/integration/artifacts/test_explicit_migration.py::test_explicit_migration_preserves_source_bytes_and_frozen_action
tests/integration/artifacts/test_perception_checkpoint.py::test_perception_checkpoint_rebuilds_the_same_network
tests/integration/artifacts/test_policy_checkpoint.py::test_saved_brax_policy_reproduces_actions_and_normalization
tests/integration/artifacts/test_runs.py::test_run_recorder_writes_manifest_metrics_state_and_result
tests/integration/artifacts/test_runs.py::test_run_recorder_heartbeat_and_exception_result
tests/integration/artifacts/test_runs.py::test_rscope_export_native_roundtrip_and_safe_publish
tests/integration/artifacts/test_source_snapshot.py::test_export_is_deterministic_and_gitless_run_has_verified_origin
tests/integration/artifacts/test_source_snapshot.py::test_changed_deleted_and_new_sources_are_recorded_in_actual_snapshot
tests/integration/artifacts/test_source_snapshot.py::test_extracted_source_does_not_inherit_an_unrelated_parent_commit
tests/integration/artifacts/test_source_snapshot.py::test_invalid_manifest_path_is_rejected
tests/integration/artifacts/test_source_snapshot.py::test_symlink_changes_do_not_copy_external_content
tests/integration/configuration/test_checkpoint_contract.py::test_method_name_conflict_is_rejected_even_when_both_are_neural
tests/integration/configuration/test_checkpoint_contract.py::test_mounted_sensor_override_is_seen_and_input_semantics_are_checked
tests/integration/configuration/test_checkpoint_contract.py::test_external_worker_cannot_be_declared_as_a_jax_runtime
tests/integration/configuration/test_checkpoint_contract.py::test_single_execution_override_keeps_the_checkpoint_task[env.dynamics.forward=so_rpy]
tests/integration/configuration/test_checkpoint_contract.py::test_single_execution_override_keeps_the_checkpoint_task[dynamics@env.dynamics=crazyflow_so_rpy]
tests/integration/configuration/test_checkpoint_contract.py::test_device_override_keeps_saved_command_delay
tests/integration/configuration/test_checkpoint_contract.py::test_explicit_environment_replacement_uses_the_selected_task
tests/integration/configuration/test_composition.py::CompositionTests::test_actual_step_and_selected_objective
tests/integration/configuration/test_composition.py::CompositionTests::test_domain_randomization_never_leaks_to_unsupported_dynamics
tests/integration/configuration/test_composition.py::CompositionTests::test_incompatible_action_and_gradient_are_rejected
tests/integration/configuration/test_composition.py::CompositionTests::test_presets_overrides_and_unknown_key
tests/integration/configuration/test_composition_contract.py::test_runtime_modules_have_single_responsibility_locations
tests/integration/configuration/test_composition_contract.py::test_ppo_composes_for_each_core_environment[hovering]
tests/integration/configuration/test_composition_contract.py::test_ppo_composes_for_each_core_environment[tracking]
tests/integration/configuration/test_composition_contract.py::test_ppo_composes_for_each_core_environment[racing]
tests/integration/configuration/test_composition_contract.py::test_ppo_composes_for_each_core_environment[navigation/static]
tests/integration/configuration/test_composition_contract.py::test_ppo_composes_for_each_core_environment[navigation/dynamic]
tests/integration/configuration/test_composition_contract.py::test_optimization_recipe_exposes_modes_before_any_run_is_created[papers/super]
tests/integration/configuration/test_composition_contract.py::test_optimization_recipe_exposes_modes_before_any_run_is_created[papers/ego_planner]
tests/integration/configuration/test_composition_contract.py::test_optimization_recipe_exposes_modes_before_any_run_is_created[control/attitude_mpc]
tests/integration/configuration/test_composition_contract.py::test_optimization_recipe_exposes_modes_before_any_run_is_created[control/sampling_mpc]
tests/integration/configuration/test_composition_contract.py::test_sensor_and_forward_model_have_one_config_owner
tests/integration/configuration/test_composition_contract.py::test_source_dynamics_does_not_create_a_private_method
tests/integration/configuration/test_composition_contract.py::test_aero_mppi_identity_does_not_claim_a_sampling_mpc_implementation
tests/integration/configuration/test_composition_contract.py::test_component_group_reselection_is_not_shadowed_by_a_recipe_copy
tests/integration/configuration/test_composition_contract.py::test_mpc_constructor_is_explicit_and_does_not_dispatch_by_display_name
tests/integration/configuration/test_direct_hydra_environment.py::test_environment_only_configuration_does_not_load_a_training_recipe
tests/integration/configuration/test_direct_hydra_environment.py::test_public_load_executes_six_components_and_returns_brax_state
tests/integration/configuration/test_navigation_catalog_composition.py::test_navigation_benchmark_entries_expand_the_accepted_scenes
tests/integration/configuration/test_navigation_catalog_composition.py::test_navigation_experiments_share_catalog_task_identity
tests/integration/configuration/test_navigation_protocol.py::test_composition_rejects_navigation_protocol_changes
tests/integration/configuration/test_navigation_task_contract.py::test_custom_navigation_parameters_drive_the_real_task_and_clock[500]
tests/integration/configuration/test_navigation_task_contract.py::test_custom_navigation_parameters_drive_the_real_task_and_clock[1000]
tests/integration/configuration/test_navigation_task_contract.py::test_named_navigation_benchmark_still_rejects_changed_task_conditions
tests/integration/configuration/test_navigation_task_contract.py::test_custom_task_still_rejects_invalid_geometry_or_command_bounds[goal_radius-0.0]
tests/integration/configuration/test_navigation_task_contract.py::test_custom_task_still_rejects_invalid_geometry_or_command_bounds[body_radius-0.0]
tests/integration/configuration/test_navigation_task_contract.py::test_custom_task_still_rejects_invalid_geometry_or_command_bounds[max_speed-1.0]
tests/integration/configuration/test_overrides.py::test_reference_composition_reuses_cli_hydra_without_clearing_it
tests/integration/configuration/test_perception_composition.py::test_depth_and_lidar_keep_sensor_identity_with_equal_input_width
tests/integration/configuration/test_perception_composition.py::test_dynamic_presets_keep_the_same_perception_contract
tests/integration/configuration/test_pointcloud_protocol.py::test_synchronous_sensor_rate_must_match_the_executed_policy_tick[5.0]
tests/integration/configuration/test_pointcloud_protocol.py::test_synchronous_sensor_rate_must_match_the_executed_policy_tick[20.0]
tests/integration/configuration/test_pointcloud_protocol.py::test_policy_coordinate_and_unit_labels_match_the_command_transform[network_output_frame-world]
tests/integration/configuration/test_pointcloud_protocol.py::test_policy_coordinate_and_unit_labels_match_the_command_transform[command_units-normalized]
tests/integration/configuration/test_pointcloud_protocol.py::test_selected_navigation_protocol_owns_its_constraints[task-body_radius-0.035]
tests/integration/configuration/test_pointcloud_protocol.py::test_selected_navigation_protocol_owns_its_constraints[task-goal_radius-1.0]
tests/integration/configuration/test_pointcloud_protocol.py::test_selected_navigation_protocol_owns_its_constraints[task-physics_freq-250]
tests/integration/configuration/test_pointcloud_protocol.py::test_selected_navigation_protocol_owns_its_constraints[task-duration-20.0]
tests/integration/configuration/test_pointcloud_protocol.py::test_selected_navigation_protocol_owns_its_constraints[evaluation-duration-20.0]
tests/integration/configuration/test_pointcloud_protocol.py::test_selected_navigation_protocol_owns_its_constraints[evaluation-speeds-value5]
tests/integration/configuration/test_pointcloud_protocol.py::test_generic_navigation_adapter_accepts_custom_conditions_without_a_benchmark_label
tests/integration/configuration/test_protocols.py::test_named_navigation_protocol_is_checked_and_recorded_by_identity
tests/integration/configuration/test_protocols.py::test_named_protocol_rejects_geometry_changes_before_startup
tests/integration/configuration/test_refactor_wiring.py::test_every_recipe_resolves_to_real_implementations[control/apg]
tests/integration/configuration/test_refactor_wiring.py::test_every_recipe_resolves_to_real_implementations[control/attitude_mpc]
tests/integration/configuration/test_refactor_wiring.py::test_every_recipe_resolves_to_real_implementations[control/bptt]
tests/integration/configuration/test_refactor_wiring.py::test_every_recipe_resolves_to_real_implementations[control/differentiable_pointcloud_hovering]
tests/integration/configuration/test_refactor_wiring.py::test_every_recipe_resolves_to_real_implementations[control/differentiable_pointcloud_racing]
tests/integration/configuration/test_refactor_wiring.py::test_every_recipe_resolves_to_real_implementations[control/differentiable_pointcloud_tracking]
tests/integration/configuration/test_refactor_wiring.py::test_every_recipe_resolves_to_real_implementations[control/geometric]
tests/integration/configuration/test_refactor_wiring.py::test_every_recipe_resolves_to_real_implementations[control/ppo]
tests/integration/configuration/test_refactor_wiring.py::test_every_recipe_resolves_to_real_implementations[control/sampling_mpc]
tests/integration/configuration/test_refactor_wiring.py::test_every_recipe_resolves_to_real_implementations[control/shac]
tests/integration/configuration/test_refactor_wiring.py::test_every_recipe_resolves_to_real_implementations[navigation/bptt]
tests/integration/configuration/test_refactor_wiring.py::test_every_recipe_resolves_to_real_implementations[navigation/differentiable_pointcloud]
tests/integration/configuration/test_refactor_wiring.py::test_every_recipe_resolves_to_real_implementations[navigation/differentiable_pointcloud_acceleration_benchmark]
tests/integration/configuration/test_refactor_wiring.py::test_every_recipe_resolves_to_real_implementations[navigation/native]
tests/integration/configuration/test_refactor_wiring.py::test_every_recipe_resolves_to_real_implementations[navigation/pipeline]
tests/integration/configuration/test_refactor_wiring.py::test_every_recipe_resolves_to_real_implementations[navigation/ppo]
tests/integration/configuration/test_refactor_wiring.py::test_every_recipe_resolves_to_real_implementations[navigation/shac]
tests/integration/configuration/test_refactor_wiring.py::test_every_recipe_resolves_to_real_implementations[papers/depth_diffphysics]
tests/integration/configuration/test_refactor_wiring.py::test_every_recipe_resolves_to_real_implementations[papers/differentiable_pointcloud]
tests/integration/configuration/test_refactor_wiring.py::test_every_recipe_resolves_to_real_implementations[papers/dva]
tests/integration/configuration/test_refactor_wiring.py::test_every_recipe_resolves_to_real_implementations[papers/ego_planner]
tests/integration/configuration/test_refactor_wiring.py::test_every_recipe_resolves_to_real_implementations[papers/super]
tests/integration/configuration/test_refactor_wiring.py::test_benchmark_reads_real_locked_files_outside_repository_cwd
tests/integration/configuration/test_refactor_wiring.py::test_dynamics_randomization_and_actual_container_step[so_rpy]
tests/integration/configuration/test_refactor_wiring.py::test_dynamics_randomization_and_actual_container_step[so_rpy_rotor]
tests/integration/configuration/test_refactor_wiring.py::test_dynamics_randomization_and_actual_container_step[so_rpy_rotor_drag]
tests/integration/configuration/test_refactor_wiring.py::test_dynamics_randomization_and_actual_container_step[first_principles]
tests/integration/configuration/test_refactor_wiring.py::test_dynamics_randomization_and_actual_container_step[lotf_high_fidelity]
tests/integration/configuration/test_refactor_wiring.py::test_dynamics_randomization_and_actual_container_step[lotf_simplified]
tests/integration/configuration/test_refactor_wiring.py::test_point_mass_native_step_keeps_its_own_state_type
tests/integration/configuration/test_refactor_wiring.py::test_reference_adapter_does_not_compose_a_learning_experiment
tests/integration/configuration/test_sensor_contract.py::test_perception_observation_requires_a_sensor_component
tests/integration/environments/test_direct_composition.py::test_environment_composes_components_without_method_or_algorithm_names
tests/integration/environments/test_mjcf_scene_source.py::test_fixed_scene_bank_matches_compiled_mjcf_and_runtime_pose[S01]
tests/integration/environments/test_mjcf_scene_source.py::test_fixed_scene_bank_matches_compiled_mjcf_and_runtime_pose[D01]
tests/integration/environments/test_mjcf_scene_source.py::test_fixed_scene_bank_matches_compiled_mjcf_and_runtime_pose[S06]
tests/integration/environments/test_mjcf_scene_source.py::test_fixed_scene_bank_matches_compiled_mjcf_and_runtime_pose[D06]
tests/integration/environments/test_mjcf_scene_source.py::test_racing_pose_and_gate_order_come_from_mjcf
tests/integration/environments/test_mjcf_scene_source.py::test_candidate_mjcf_writer_preserves_geometry_and_never_overwrites
tests/integration/environments/test_mpc_composed.py::test_real_mpc_step_with_composed_dynamics_and_reset[attitude_mpc]
tests/integration/environments/test_mpc_composed.py::test_real_mpc_step_with_composed_dynamics_and_reset[sampling_mpc]
tests/integration/environments/test_mpc_composed.py::test_live_trajectory_reaches_mpc_and_physics_without_short_horizon_extrapolation[attitude_mpc]
tests/integration/environments/test_mpc_composed.py::test_live_trajectory_reaches_mpc_and_physics_without_short_horizon_extrapolation[sampling_mpc]
tests/integration/environments/test_navigation.py::test_scene_positions_match_the_host_reference
tests/integration/environments/test_navigation.py::test_scene_generation_is_seed_reproducible_and_split_isolated
tests/integration/environments/test_navigation.py::test_bank_is_grouped_by_difficulty_and_density_increases
tests/integration/environments/test_navigation.py::test_navigation_scene_rejects_mismatched_tasks
tests/integration/environments/test_navigation.py::test_collision_uses_the_pinned_body_sphere_and_exact_primitive_distance
tests/integration/environments/test_navigation.py::test_body_centre_uses_the_modelled_sphere_offset
tests/integration/environments/test_navigation.py::test_fast_crossing_is_detected_inside_one_control_step
tests/integration/environments/test_navigation.py::test_clearance_ignores_inactive_slots
tests/integration/environments/test_navigation.py::test_ground_contact_terminates_before_reference_point_leaves_bounds
tests/integration/environments/test_navigation.py::test_arrival_requires_the_half_metre_radius_and_terminates_the_episode
tests/integration/environments/test_navigation.py::test_collision_wins_over_arrival_in_the_same_step
tests/integration/environments/test_navigation.py::test_out_of_bounds_and_numerical_outcomes_are_distinct
tests/integration/environments/test_navigation.py::test_altitude_hold_reaches_the_forty_second_limit_as_a_timeout
tests/integration/environments/test_navigation.py::test_timeout_accounting_keeps_episodes_that_never_terminate
tests/integration/environments/test_navigation.py::test_reset_is_reproducible_and_clears_every_episode_field
tests/integration/environments/test_navigation.py::test_scene_clock_tracks_the_physics_step_counter
tests/integration/environments/test_navigation.py::test_explicit_initial_state_reaches_physics_observation_and_progress_origin
tests/integration/environments/test_navigation.py::test_observation_and_action_contract_sizes
tests/integration/environments/test_navigation.py::test_failure_cost_dominates_progress_so_crashing_is_never_the_best_outcome
tests/integration/environments/test_navigation_collision.py::test_public_eval_always_keeps_hard_collision_termination
tests/integration/environments/test_navigation_collision.py::test_continuous_collision_training_retains_penetration_and_escape_gradient
tests/integration/environments/test_navigation_initialization.py::test_course_initialization_is_safe_seeded_and_covers_departure_and_goal
tests/integration/environments/test_navigation_initialization.py::test_nominal_eval_start_is_preserved
tests/integration/environments/test_navigation_initialization.py::test_resampled_windows_still_update_and_resume_exactly[bptt]
tests/integration/environments/test_navigation_initialization.py::test_resampled_windows_still_update_and_resume_exactly[shac]
tests/integration/environments/test_navigation_resets.py::test_frozen_resets_are_safe_reproducible_and_have_actual_variation
tests/integration/environments/test_navigation_resets.py::test_evaluator_starts_from_frozen_physical_state_and_records_values
tests/integration/environments/test_navigation_resets.py::test_depth_method_accepts_same_navigation_protocol
tests/integration/environments/test_navigation_resets.py::test_navigation_benchmark_counts_both_tasks_and_keeps_all_failures
tests/integration/environments/test_navigation_resets.py::test_native_cases_cover_four_scenes_and_match_learning_reset_seed_meanings[False]
tests/integration/environments/test_navigation_resets.py::test_native_cases_cover_four_scenes_and_match_learning_reset_seed_meanings[True]
tests/integration/environments/test_navigation_resets.py::test_native_benchmark_accepts_exactly_one_complete_task
tests/integration/environments/test_numerical_boundary.py::NumericalBoundaryTests::test_divergent_but_finite_angular_rate_is_a_numerical_failure
tests/integration/environments/test_numerical_boundary.py::NumericalBoundaryTests::test_same_step_reset_keeps_learner_observations_and_second_moments_finite
tests/integration/environments/test_racing.py::RacingTests::test_completion_is_gate_events_not_surviving_horizon
tests/integration/environments/test_racing.py::RacingTests::test_course_export_embeds_every_referenced_texture
tests/integration/environments/test_racing.py::RacingTests::test_development_selection_prefers_complete_course_then_gate_progress
tests/integration/environments/test_racing.py::RacingTests::test_native_gate_plane_direction_aperture_and_duplicate_order
tests/integration/environments/test_racing.py::RacingTests::test_physical_disturbance_seeds_and_actual_short_shac_update
tests/integration/environments/test_racing.py::RacingTests::test_policy_reference_uses_current_control_tick
tests/integration/environments/test_racing.py::RacingTests::test_real_scene_batch_step_and_gradient
tests/integration/environments/test_racing.py::RacingTests::test_shard_merge_requires_unique_complete_seed_coverage
tests/integration/environments/test_racing_geometry.py::test_control_course_keeps_gate_geometry_and_excludes_robot
tests/integration/environments/test_sampling_mpc_runtime.py::test_actual_sampling_decision_and_warm_start
tests/integration/environments/test_sensor_runtime.py::test_depth_environment_closed_loop_and_frame_timestamps
tests/integration/environments/test_sensor_runtime.py::test_lidar_batch_environment_resets_sensor_phase
tests/integration/environments/test_tracking.py::TrackingContractTests::test_local_dynamics_gradient_matches_finite_difference
tests/integration/environments/test_tracking.py::TrackingContractTests::test_matches_upstream_figure_eight_before_terminal
tests/integration/environments/test_tracking.py::TrackingContractTests::test_random_reference_matches_lsy_scipy_construction
tests/integration/environments/test_tracking.py::TrackingContractTests::test_random_task_reset_and_batch_shapes
tests/integration/environments/test_tracking.py::TrackingContractTests::test_reset_is_reproducible_and_seed_sensitive
tests/integration/environments/test_tracking.py::TrackingContractTests::test_reset_reserves_an_unconsumed_key_for_later_episodes
tests/integration/environments/test_tracking.py::TrackingContractTests::test_timeout_keeps_terminal_observation_and_draws_fresh_reset
tests/integration/environments/test_wrapper_reset_state.py::test_fixed_delay_preserves_inner_reset_contract
tests/integration/environments/test_wrapper_reset_state.py::test_fixed_delay_resets_all_owned_fields_only_for_finished_member[False]
tests/integration/environments/test_wrapper_reset_state.py::test_fixed_delay_resets_all_owned_fields_only_for_finished_member[True]
tests/integration/evaluation/test_benchmark_spec_files.py::test_committed_benchmark_specifications_are_loadable
tests/integration/evaluation/test_benchmark_spec_files.py::test_navigation_geometry_verification_matches_catalog_bytes
tests/integration/evaluation/test_navigation_benchmark.py::test_extension_failures_are_reported_and_legacy_judgment_is_unchanged
tests/integration/evaluation/test_navigation_benchmark.py::test_one_weak_primary_scene_fails_even_when_task_aggregate_passes
tests/integration/evaluation/test_navigation_benchmark.py::test_primary_threshold_and_single_native_task
tests/integration/evaluation/test_navigation_benchmark.py::test_revised_criterion_preserves_evidence_checks[missing_extension]
tests/integration/evaluation/test_navigation_benchmark.py::test_revised_criterion_preserves_evidence_checks[duplicate_seed]
tests/integration/evaluation/test_navigation_benchmark.py::test_revised_criterion_preserves_evidence_checks[wrong_reset]
tests/integration/evaluation/test_navigation_benchmark.py::test_unknown_criterion_is_rejected
tests/integration/evaluation/test_navigation_benchmark.py::test_benchmark_config_is_explicit_and_retired_release_alias_is_rejected
tests/integration/evaluation/test_pointcloud.py::test_fast_thin_bar_collision_is_detected_and_terminal_state_is_frozen
tests/integration/evaluation/test_pointcloud.py::test_numerical_and_out_of_bounds_are_explicit_failures
tests/integration/evaluation/test_pointcloud.py::test_frozen_rollout_and_all_outcome_denominators
tests/integration/evaluation/test_pointcloud.py::test_replay_preserves_point_mass_identity_and_positions
tests/integration/evaluation/test_pointcloud.py::test_collision_free_evaluation_keeps_the_reconstruction_training_transition
tests/integration/evaluation/test_pointcloud.py::test_training_run_budget_and_selected_checkpoint_age_are_separate
tests/integration/evaluation/test_pointcloud.py::test_evaluation_summary_keeps_failures_and_training_provenance
tests/integration/evaluation/test_pointcloud.py::test_first_step_numerical_failure_keeps_a_readable_two_state_replay
tests/integration/evaluation/test_pointcloud_navigation.py::test_v2_pointcloud_preset_resolves_300_seconds_without_relabelling_v1
tests/integration/evaluation/test_pointcloud_navigation.py::test_v2_arrival_stops_within_policy_tick_and_cannot_leave_goal_again
tests/integration/evaluation/test_pointcloud_navigation.py::test_finished_pointcloud_batch_skips_sensor_and_policy_execution
tests/integration/runtime/test_native_typed_service.py::test_native_echo_and_reset_preserve_physical_type[value0]
tests/integration/runtime/test_native_typed_service.py::test_native_echo_and_reset_preserve_physical_type[value1]
tests/integration/runtime/test_native_typed_service.py::test_native_echo_and_reset_preserve_physical_type[value2]
tests/integration/runtime/test_native_typed_service.py::test_native_echo_and_reset_preserve_physical_type[value3]
tests/integration/runtime/test_native_typed_service.py::test_native_echo_and_reset_preserve_physical_type[value4]
tests/integration/runtime/test_native_typed_service.py::test_native_echo_and_reset_preserve_physical_type[value5]
tests/integration/runtime/test_native_typed_service.py::test_native_corridor_is_recorded_and_rendered_as_independent_evidence
tests/integration/runtime/test_native_typed_service.py::test_native_late_result_is_not_executable
tests/integration/runtime/test_physical_outputs.py::test_trajectory_decoder_matches_all_physical_endpoints_and_jax_derivative
tests/integration/runtime/test_physical_outputs.py::test_waypoint_head_keeps_order_anchor_and_physical_scale
tests/integration/runtime/test_physical_outputs.py::test_neural_physical_artifact_roundtrip_and_pipeline_consumption[waypoint]
tests/integration/runtime/test_physical_outputs.py::test_neural_physical_artifact_roundtrip_and_pipeline_consumption[trajectory]
tests/integration/runtime/test_physical_outputs.py::test_physical_head_contract_rejects_invalid_units_and_horizons
tests/integration/runtime/test_pipeline.py::test_minimum_jerk_interpolation_preserves_physical_endpoint_constraints
tests/integration/runtime/test_pipeline.py::test_configured_waypoint_planning_chain_preserves_curve_and_resets
tests/integration/runtime/test_pipeline.py::test_pipeline_rejects_missing_physical_adapter_before_running
tests/integration/runtime/test_pipeline.py::test_cpp_downstream_receives_exact_upstream_physical_value[waypoint-value0]
tests/integration/runtime/test_pipeline.py::test_cpp_downstream_receives_exact_upstream_physical_value[state-value1]
tests/integration/runtime/test_pipeline.py::test_cpp_downstream_receives_exact_upstream_physical_value[trajectory-value2]
tests/integration/runtime/test_pipeline.py::test_real_cpp_stages_chain_without_algorithm_specific_host_changes
tests/integration/runtime/test_pipeline.py::test_no_plan_stops_downstream_and_close_visits_all_modules
tests/integration/runtime/test_pipeline.py::test_saved_neural_module_preserves_decoder_and_rejects_same_width_wrong_fields
tests/integration/runtime/test_pipeline.py::test_module_rates_hold_valid_outputs_but_never_reuse_expired_decisions
tests/integration/runtime/test_pipeline.py::test_pipeline_rejects_future_generated_output
tests/integration/runtime/test_pipeline.py::test_pipeline_rejects_unsupported_module_clocks[0.0]
tests/integration/runtime/test_pipeline.py::test_pipeline_rejects_unsupported_module_clocks[-1.0]
tests/integration/runtime/test_pipeline.py::test_pipeline_rejects_unsupported_module_clocks[nan]
tests/integration/runtime/test_pipeline.py::test_pipeline_rejects_unsupported_module_clocks[60.0]
tests/integration/runtime/test_pipeline.py::test_pipeline_rejects_unsupported_module_clocks[7.0]
tests/integration/test_cli.py::CommandTests::test_all_scripts_accept_hydra_configuration_display
tests/integration/test_cli.py::CommandTests::test_parser_exposes_all_committed_entrypoints
tests/integration/test_cli.py::CommandTests::test_real_control_demo_records_measured_states
tests/integration/test_cli.py::test_train_eval_and_play_respect_replay_storage
tests/integration/test_execution_contracts.py::test_navigation_v2_limits_reach_the_worker_request[papers/super]
tests/integration/test_execution_contracts.py::test_navigation_v2_limits_reach_the_worker_request[papers/ego_planner]
tests/integration/test_execution_contracts.py::test_fractional_delay_uses_physics_clock_and_propagates_past_action_gradient
tests/integration/test_execution_contracts.py::test_random_delays_are_reproducible_independent_and_stay_in_declared_range
tests/integration/test_execution_contracts.py::test_export_trims_each_episode_after_terminal_transition
tests/integration/test_execution_contracts.py::test_bptt_is_a_real_trainable_composed_method[hovering]
tests/integration/test_execution_contracts.py::test_bptt_is_a_real_trainable_composed_method[tracking]
tests/integration/test_execution_contracts.py::test_bptt_is_a_real_trainable_composed_method[racing]
tests/integration/test_execution_contracts.py::test_bptt_is_a_real_trainable_composed_method[navigation/static]
tests/integration/test_execution_contracts.py::test_bptt_is_a_real_trainable_composed_method[navigation/dynamic]
tests/integration/test_execution_contracts.py::test_autoreset_resamples_delay_and_clears_only_finished_world
tests/integration/test_public_contracts.py::test_navigation_without_benchmark_accepts_custom_task_conditions
tests/integration/test_public_contracts.py::test_task_frequency_changes_actual_physical_elapsed_time
tests/integration/test_public_contracts.py::test_duplicate_execution_frequency_is_rejected_instead_of_ignored
tests/integration/test_public_contracts.py::test_navigation_rejects_a_physics_clock_the_backend_does_not_execute
tests/integration/test_public_contracts.py::test_randomization_rejects_nonfinite_physical_ranges[bounds0]
tests/integration/test_public_contracts.py::test_randomization_rejects_nonfinite_physical_ranges[bounds1]
tests/integration/test_public_contracts.py::test_mass_randomization_changes_motion_and_reproduces_per_reset
tests/integration/test_public_contracts.py::test_inertia_randomization_preserves_inverse_and_changes_rigid_body_response
tests/integration/test_public_contracts.py::test_fitted_attitude_model_rejects_inertia_randomization_without_torque_dynamics
tests/integration/test_public_contracts.py::test_retired_split_names_are_rejected
tests/integration/test_public_contracts.py::test_current_artifact_schema_rejects_historical_versions
tests/integration/test_public_contracts.py::test_task_time_limit_classification_and_pre_reset_observation[termination]
tests/integration/test_public_contracts.py::test_task_time_limit_classification_and_pre_reset_observation[truncation]
tests/integration/test_public_contracts.py::test_ppo_truncation_bootstraps_terminal_value_without_using_next_episode
tests/integration/test_public_contracts.py::test_acceptance_is_separate_and_consumes_configured_thresholds
tests/integration/test_public_contracts.py::test_latency_statistics_exclude_warmup_and_count_deadline_misses
tests/integration/test_public_contracts.py::test_sensor_metadata_matches_executed_frame_capture_times
tests/integration/test_public_contracts.py::test_navigation_protocol_supplies_evaluation_and_checkpoint_budgets
tests/integration/test_public_contracts.py::test_generic_navigation_executes_configured_cases_and_initial_states
tests/integration/test_robot_learning_contracts.py::test_lotf_is_a_backend_of_the_same_training_and_evaluation_task[lotf_high_fidelity]
tests/integration/test_robot_learning_contracts.py::test_lotf_is_a_backend_of_the_same_training_and_evaluation_task[lotf_simplified]
tests/integration/test_robot_learning_contracts.py::test_lotf_forward_and_backward_are_selected_independently[direct]
tests/integration/test_robot_learning_contracts.py::test_lotf_forward_and_backward_are_selected_independently[simplified_dynamics_jacobian]
tests/integration/test_robot_learning_contracts.py::test_crazyflow_forward_models_are_parallel_dynamics_presets[crazyflow_first_principles-first_principles]
tests/integration/test_robot_learning_contracts.py::test_crazyflow_forward_models_are_parallel_dynamics_presets[crazyflow_so_rpy-so_rpy]
tests/integration/test_robot_learning_contracts.py::test_crazyflow_forward_models_are_parallel_dynamics_presets[crazyflow_so_rpy_rotor-so_rpy_rotor]
tests/integration/test_robot_learning_contracts.py::test_crazyflow_forward_models_are_parallel_dynamics_presets[crazyflow_so_rpy_rotor_drag-so_rpy_rotor_drag]
tests/integration/test_robot_learning_contracts.py::test_measurement_noise_changes_policy_input_without_changing_physics_or_reward
tests/integration/test_robot_learning_contracts.py::test_wind_is_a_runtime_force_with_a_real_velocity_response[so_rpy]
tests/integration/test_robot_learning_contracts.py::test_wind_is_a_runtime_force_with_a_real_velocity_response[lotf_high_fidelity]
tests/integration/test_robot_learning_contracts.py::test_wind_is_a_runtime_force_with_a_real_velocity_response[lotf_simplified]
tests/integration/test_robot_learning_contracts.py::test_eval_role_disables_training_randomization_noise_and_disturbance
tests/integration/test_robot_learning_contracts.py::test_training_position_goals_are_separate_from_the_scene_and_nominal_goals
tests/integration/test_robot_learning_contracts.py::test_action_uncertainty_reaches_delayed_execution_and_nominal_racing_is_clean
tests/integration/test_robot_learning_contracts.py::test_point_mass_randomization_reset_and_measurement_have_real_effects
tests/integration/test_robot_learning_contracts.py::test_lotf_full_mass_and_inertia_randomization_change_physical_response
tests/integration/test_robot_learning_contracts.py::test_training_internal_pointcloud_evaluation_uses_nominal_conditions
tests/integration/test_robot_learning_contracts.py::test_pointcloud_fixed_scene_distribution_is_consumed_and_reproducible
tests/integration/test_robot_learning_contracts.py::test_source_rollout_rejects_an_unconsumed_integer_action_delay
tests/integration/test_robot_learning_contracts.py::test_source_dynamics_reuses_tracking_racing_and_navigation[lotf_high_fidelity-tracking]
tests/integration/test_robot_learning_contracts.py::test_source_dynamics_reuses_tracking_racing_and_navigation[lotf_high_fidelity-racing]
tests/integration/test_robot_learning_contracts.py::test_source_dynamics_reuses_tracking_racing_and_navigation[lotf_high_fidelity-navigation/static]
tests/integration/test_robot_learning_contracts.py::test_source_dynamics_reuses_tracking_racing_and_navigation[lotf_simplified-tracking]
tests/integration/test_robot_learning_contracts.py::test_source_dynamics_reuses_tracking_racing_and_navigation[lotf_simplified-racing]
tests/integration/test_robot_learning_contracts.py::test_source_dynamics_reuses_tracking_racing_and_navigation[lotf_simplified-navigation/static]
tests/integration/tooling/test_source_setup.py::test_added_metadata_patch_validates_fresh_and_reused_without_staging
tests/integration/tooling/test_source_setup.py::test_changed_dependency_is_rejected_and_never_overwritten[pyproject.toml]
tests/integration/tooling/test_source_setup.py::test_changed_dependency_is_rejected_and_never_overwritten[original.txt]
tests/integration/tooling/test_source_setup.py::test_changed_dependency_is_rejected_and_never_overwritten[unexpected.py]
tests/integration/training/test_composed_resume.py::test_composed_complete_state_restores_identical_next_update[bptt]
tests/integration/training/test_composed_resume.py::test_composed_complete_state_restores_identical_next_update[shac]
tests/integration/training/test_differentiable_pointcloud.py::test_new_recipe_preserves_sensor_and_protocol_and_old_training_guard
tests/integration/training/test_differentiable_pointcloud.py::test_training_initialization_covers_course_and_goal_without_obstacle_penetration
tests/integration/training/test_differentiable_pointcloud.py::test_near_goal_and_penetration_have_actual_differentiable_training_signal
tests/integration/training/test_differentiable_pointcloud.py::test_checked_delay_matches_training_physics_and_preserves_terminal_event
tests/integration/training/test_differentiable_pointcloud.py::test_evaluator_accepts_runtime_delay_grid_and_speed_without_recompiling
tests/integration/training/test_differentiable_pointcloud.py::test_training_point_jitter_preserves_invalid_points_and_is_seeded
tests/integration/training/test_direct_recurrent_training.py::test_real_recurrent_update_and_restore[papers/differentiable_pointcloud]
tests/integration/training/test_direct_recurrent_training.py::test_real_recurrent_update_and_restore[navigation/differentiable_pointcloud]
tests/integration/training/test_direct_recurrent_training.py::test_real_recurrent_update_and_restore[papers/depth_diffphysics]
tests/integration/training/test_direct_recurrent_training.py::test_real_recurrent_update_and_restore[control/differentiable_pointcloud_hovering]
tests/integration/training/test_dva_navigation.py::test_detached_actor_keeps_parameter_gradient_but_blocks_observation_gradient[depth]
tests/integration/training/test_dva_navigation.py::test_detached_actor_keeps_parameter_gradient_but_blocks_observation_gradient[lidar]
tests/integration/training/test_dva_navigation.py::test_navigation_action_has_a_finite_nonzero_dynamics_derivative
tests/integration/training/test_dva_navigation.py::test_lambda_target_masks_true_termination_but_bootstraps_timeout
tests/integration/training/test_dva_navigation.py::test_terminal_critic_input_bypasses_sensor_but_keeps_state_derivative
tests/integration/training/test_dva_navigation.py::test_real_dva_update_is_finite_moves_encoder_and_saves_full_state[depth]
tests/integration/training/test_dva_navigation.py::test_real_dva_update_is_finite_moves_encoder_and_saves_full_state[lidar]
tests/integration/training/test_dva_navigation.py::test_restore_rejects_different_sensor_contract
tests/integration/training/test_dva_navigation.py::test_timeout_retains_pre_reset_proprioception_and_derivative
tests/integration/training/test_dva_navigation.py::test_resume_matches_uninterrupted_training_and_rejects_schedule_change
tests/integration/training/test_dva_navigation.py::test_collision_distance_has_finite_interior_and_surface_subgradients
tests/integration/training/test_dva_navigation.py::test_fixed_observation_surrogate_matches_end_to_end_finite_difference
tests/integration/training/test_geometric_control.py::test_jax_pd_preserves_host_force_geometry_and_has_finite_hover_derivatives
tests/integration/training/test_geometric_control.py::test_geometry_gradient_reaches_delayed_physics_and_queue_stays_actuator_sized[waypoint]
tests/integration/training/test_geometric_control.py::test_geometry_gradient_reaches_delayed_physics_and_queue_stays_actuator_sized[trajectory]
tests/integration/training/test_geometric_control.py::test_geometric_training_rejects_opaque_solver_and_invalid_gradient_paths
tests/integration/training/test_geometric_control.py::test_frozen_geometric_policy_keeps_observed_goal_and_jax_tracker_semantics
tests/integration/training/test_geometric_control.py::test_geometric_warm_start_cannot_reinterpret_identically_sized_parameters
tests/integration/training/test_navigation_recipe.py::test_explicit_proprioception_scale_matches_preconditioned_input
tests/integration/training/test_navigation_recipe.py::test_hover_mean_initialization_is_inside_the_tanh_distribution
tests/integration/training/test_navigation_recipe.py::test_sensor_conditioned_value_changes_when_only_obstacles_change
tests/integration/training/test_navigation_recipe.py::test_legacy_value_remains_proprioception_only
tests/integration/training/test_navigation_recipe.py::test_invalid_conditioning_is_rejected_before_training
tests/integration/training/test_navigation_recipe.py::test_continuous_reward_has_forward_and_altitude_gradients_before_collision
tests/integration/training/test_navigation_recipe.py::test_penetrating_and_approaching_obstacles_keep_escape_gradients
tests/integration/training/test_navigation_recipe.py::test_arrival_reward_is_withheld_for_any_failure_and_speed_excess_is_penalized
tests/integration/training/test_navigation_recipe.py::test_motion_terms_are_integrated_in_seconds_not_frame_count
tests/integration/training/test_navigation_recipe.py::test_low_speed_command_range_does_not_reward_accelerating_toward_the_nominal_cap
tests/integration/training/test_navigation_recipe.py::test_global_reward_scaling_preserves_continuous_and_terminal_relations
tests/integration/training/test_navigation_recipe.py::test_motion_objective_receives_real_environment_state
tests/integration/training/test_navigation_recipe.py::test_navigation_selection_uses_progress_only_after_real_task_outcomes
tests/integration/training/test_navigation_recipe.py::test_navigation_v2_selection_cannot_prefer_boundary_escape_to_real_progress
tests/integration/training/test_navigation_recipe.py::test_navigation_v3_selection_ranks_successful_time_ahead_of_terminal_roundoff
tests/integration/training/test_navigation_recipe.py::test_optional_position_cost_keeps_gradient_when_progress_telescopes_to_zero
tests/integration/training/test_navigation_recipe.py::test_early_exit_evaluation_preserves_full_trace_and_individual_terminal_states[thresholds0]
tests/integration/training/test_navigation_recipe.py::test_early_exit_evaluation_preserves_full_trace_and_individual_terminal_states[thresholds1]
tests/integration/training/test_navigation_recipe.py::test_early_exit_evaluation_preserves_full_trace_and_individual_terminal_states[thresholds2]
tests/integration/training/test_navigation_scenes.py::test_training_samples_independent_geometry_while_checkpoint_eval_keeps_navigation_benchmark[differentiable_pointcloud]
tests/integration/training/test_navigation_scenes.py::test_training_samples_independent_geometry_while_checkpoint_eval_keeps_navigation_benchmark[depth_diffphysics]
tests/integration/training/test_navigation_scenes.py::test_training_geometry_seed_changes_only_training_and_is_reproducible
tests/integration/training/test_navigation_scenes.py::test_fixed_training_distribution_uses_the_configured_scene
tests/integration/training/test_navigation_scenes.py::test_explicit_training_catalog_cannot_silently_reuse_benchmark_geometry
tests/integration/training/test_navigation_scenes.py::test_real_rollout_preserves_finite_nonzero_policy_gradients_on_training_bank[differentiable_pointcloud]
tests/integration/training/test_navigation_scenes.py::test_real_rollout_preserves_finite_nonzero_policy_gradients_on_training_bank[depth_diffphysics]
tests/integration/training/test_pointcloud_training.py::test_reconstruction_composition_selects_real_module_slots
tests/integration/training/test_pointcloud_training.py::test_reconstruction_one_update_changes_encoder_and_has_finite_metrics
tests/integration/training/test_pointcloud_training.py::test_reconstruction_cpu_resume_preserves_optimizer_rng_and_update
tests/integration/training/test_pointcloud_training.py::test_observation_detaches_sensor_but_keeps_velocity_gradient
tests/integration/training/test_public_training_entry.py::test_public_train_checkpoint_evaluate_without_replays[ppo]
tests/integration/training/test_public_training_entry.py::test_public_train_checkpoint_evaluate_without_replays[bptt]
tests/integration/training/test_public_training_entry.py::test_public_train_checkpoint_evaluate_without_replays[shac]
tests/integration/training/test_public_training_entry.py::test_public_train_checkpoint_evaluate_without_replays[dva]
tests/integration/training/test_recurrent_entry.py::test_recurrent_training_entry_completes_one_real_update[papers/differentiable_pointcloud]
tests/integration/training/test_recurrent_entry.py::test_recurrent_training_entry_completes_one_real_update[navigation/differentiable_pointcloud]
tests/integration/training/test_recurrent_entry.py::test_recurrent_training_entry_completes_one_real_update[papers/depth_diffphysics]
tests/integration/training/test_recurrent_entry.py::test_recurrent_training_entry_completes_one_real_update[control/differentiable_pointcloud_hovering]
tests/integration/training/test_shac_checkpoint.py::test_public_checkpoint_uses_same_brax_inference_contract
tests/integration/training/test_shac_runtime.py::test_real_actor_critic_updates_and_snapshot_budget
tests/integration/training/test_shac_runtime.py::test_full_state_resume_matches_continuous_updates
tests/integration/training/test_shac_warm_start.py::test_shac_initial_snapshot_matches_requested_actor_and_then_updates
tests/integration/visualization/test_live_replay.py::test_incremental_publication_keeps_watched_directory_and_native_created_event
tests/integration/visualization/test_live_replay.py::test_optional_live_publication_preserves_user_selection_and_reports_errors
tests/integration/visualization/test_mjcf_replay.py::test_replay_attaches_fixed_mjcf_and_preserves_dynamic_positions[S01]
tests/integration/visualization/test_mjcf_replay.py::test_replay_attaches_fixed_mjcf_and_preserves_dynamic_positions[D06]
tests/integration/visualization/test_replay.py::test_depth_view_uses_real_optical_extrinsics
tests/integration/visualization/test_replay.py::test_depth_flight_view_preserves_upward_pitch_and_camera_range
tests/integration/visualization/test_replay.py::test_mid360_draws_full_azimuth_and_keeps_display_clip_distinct_from_range
tests/integration/visualization/test_replay.py::test_timed_planning_and_sfc_render_in_standard_rscope_without_changing_physics
tests/integration/visualization/test_replay.py::test_polytope_rejects_unbounded_or_empty_halfspaces
tests/integration/visualization/test_replay.py::test_received_future_trajectory_preview_is_visible_before_execution
tests/integration/visualization/test_replay.py::test_sensor_descriptors_do_not_draw_field_of_view_envelopes
tests/integration/visualization/test_replay.py::test_d435_context_automatically_adds_world_hit_points
tests/integration/visualization/test_replay.py::test_navigation_replay_uses_real_crazyflie_mesh_geometry
tests/integration/visualization/test_replay.py::test_mid360_replay_uses_only_dynamic_world_point_markers
tests/integration/visualization/test_replay.py::test_sensor_descriptor_rejects_nonphysical_range_and_extrinsics
tests/integration/visualization/test_replay.py::test_rpc_geometry_survives_recording_and_does_not_become_an_output
tests/integration/visualization/test_replay.py::test_decision_layers_keep_intermediate_curve_and_clear_it_causally
tests/integration/visualization/test_replay.py::test_shared_planner_layers_cannot_be_drawn_on_multiple_episodes
tests/integration/visualization/test_replay.py::test_ros_corridor_mesh_uses_marker_pose_and_clears_deleted_geometry
tests/integration/visualization/test_replay.py::test_enhancing_a_frozen_replay_preserves_all_original_arrays_and_source
tests/regression/test_environment_transition.py::test_preserved_transition[figure8-so_rpy]
tests/regression/test_environment_transition.py::test_preserved_transition[figure8-so_rpy_rotor]
tests/regression/test_environment_transition.py::test_preserved_transition[figure8-so_rpy_rotor_drag]
tests/regression/test_environment_transition.py::test_preserved_transition[figure8-first_principles]
tests/regression/test_environment_transition.py::test_preserved_transition[random-so_rpy]
tests/regression/test_environment_transition.py::test_preserved_transition[random-so_rpy_rotor]
tests/regression/test_environment_transition.py::test_preserved_transition[random-so_rpy_rotor_drag]
tests/regression/test_environment_transition.py::test_preserved_transition[random-first_principles]
tests/regression/test_neural_reference.py::test_upstream_curve_replaces_reference_fields_and_retains_state_semantics
tests/regression/test_neural_reference.py::test_missing_future_is_visible_and_untimed_waypoints_are_not_invented_trajectories
tests/regression/test_neural_reference.py::test_waypoint_planning_to_frozen_controller_is_a_configured_chain
tests/regression/test_neural_reference.py::test_public_pipeline_accepts_state_only_host_for_external_reference_controllers
tests/unit/actions/test_delay_prediction.py::test_prediction_uses_only_commands_that_have_arrived_and_resets_history
tests/unit/actions/test_delay_prediction.py::test_hover_orientation_and_body_rate_round_trip
tests/unit/actions/test_delay_prediction.py::test_rejects_invalid_delay_estimates[-1.0]
tests/unit/actions/test_delay_prediction.py::test_rejects_invalid_delay_estimates[0.0]
tests/unit/actions/test_delay_prediction.py::test_rejects_invalid_delay_estimates[nan]
tests/unit/actions/test_delay_prediction.py::test_rejects_invalid_delay_estimates[inf]
tests/unit/actions/test_optimization.py::OptimizationTests::test_actual_acados_solve_preserves_native_problem
tests/unit/actions/test_optimization.py::test_mpc_tracking_horizon_covers_the_final_tick_without_shortening_the_task
tests/unit/actions/test_reference_arrays.py::test_trajectory_sampling_preserves_time_derivatives
tests/unit/actions/test_reference_arrays.py::test_trajectory_can_carry_policy_gradients_without_host_conversion
tests/unit/actions/test_reference_arrays.py::test_waypoint_is_a_pytree_with_preserved_validity
tests/unit/actions/test_setpoints.py::test_state_setpoint_keeps_velocity_and_acceleration_distinct
tests/unit/actions/test_setpoints.py::test_rate_and_attitude_setpoints_have_different_physical_fields
tests/unit/actions/test_setpoints.py::test_setpoint_is_a_batched_differentiable_pytree
tests/unit/actions/test_setpoints.py::test_host_setpoint_validation_rejects_invalid_units_shape_or_values
tests/unit/actions/test_trajectory_contracts.py::test_polynomial_reference_keeps_time_origin_and_exact_derivatives
tests/unit/actions/test_trajectory_contracts.py::test_piecewise_reference_samples_future_without_repeating_current_point
tests/unit/actions/test_trajectory_contracts.py::test_invalid_trajectory_duration_cannot_enter_execution[durations0]
tests/unit/actions/test_trajectory_contracts.py::test_invalid_trajectory_duration_cannot_enter_execution[durations1]
tests/unit/actions/test_trajectory_contracts.py::test_invalid_trajectory_duration_cannot_enter_execution[durations2]
tests/unit/actions/test_trajectory_contracts.py::test_waypoint_and_setpoint_are_distinct_physical_interfaces
tests/unit/actions/test_trajectory_contracts.py::test_bspline_adapter_preserves_upstream_curve_without_sampling_loss
tests/unit/actions/test_trajectory_contracts.py::test_super_position_and_yaw_with_different_knots_remain_exact
tests/unit/actions/test_trajectory_contracts.py::test_ego_does_not_invent_a_future_yaw_trajectory
tests/unit/actions/test_trajectory_contracts.py::test_mpc_horizon_needs_real_future_and_explicit_missing_yaw
tests/unit/artifacts/test_checkpoints.py::CheckpointTests::test_normal_policy_uses_configured_state_independent_initial_std
tests/unit/artifacts/test_console.py::test_console_captures_python_stdout_and_stderr_and_restores_streams
tests/unit/artifacts/test_layout.py::test_new_runs_are_grouped_by_task_and_method
tests/unit/artifacts/test_layout.py::test_retired_flat_directories_are_not_current_runs
tests/unit/artifacts/test_layout.py::test_new_run_creation_requires_task_method_config
tests/unit/artifacts/test_layout.py::test_ambiguous_run_identity_is_rejected
tests/unit/artifacts/test_layout.py::test_artifact_reader_uses_the_exact_supplied_path
tests/unit/artifacts/test_layout.py::test_listing_excludes_selected_and_scratch
tests/unit/artifacts/test_layout.py::test_run_identifiers_cannot_escape_or_collide_with_layout_names[../escape]
tests/unit/artifacts/test_layout.py::test_run_identifiers_cannot_escape_or_collide_with_layout_names[/absolute]
tests/unit/artifacts/test_layout.py::test_run_identifiers_cannot_escape_or_collide_with_layout_names[.]
tests/unit/artifacts/test_layout.py::test_run_identifiers_cannot_escape_or_collide_with_layout_names[..]
tests/unit/artifacts/test_layout.py::test_run_identifiers_cannot_escape_or_collide_with_layout_names[runs]
tests/unit/artifacts/test_layout.py::test_run_identifiers_cannot_escape_or_collide_with_layout_names[selected]
tests/unit/artifacts/test_layout.py::test_run_identifiers_cannot_escape_or_collide_with_layout_names[scratch]
tests/unit/artifacts/test_layout.py::test_run_identifiers_cannot_escape_or_collide_with_layout_names[tmp]
tests/unit/artifacts/test_layout.py::test_run_identifiers_cannot_escape_or_collide_with_layout_names[main_result]
tests/unit/artifacts/test_layout.py::test_cli_status_reads_scoped_runs
tests/unit/artifacts/test_layout.py::test_cli_replay_uses_explicit_scratch_rollout
tests/unit/artifacts/test_layout.py::test_play_resolves_explicit_replay_before_dispatch
tests/unit/artifacts/test_navigation_traces.py::test_archive_round_trip_keeps_every_case_and_terminal_frame[None]
tests/unit/artifacts/test_navigation_traces.py::test_archive_round_trip_keeps_every_case_and_terminal_frame[scenarios1]
tests/unit/artifacts/test_navigation_traces.py::test_archive_rejects_noncontiguous_episode_frames
tests/unit/artifacts/test_navigation_traces.py::test_native_case_survives_a_later_worker_failure_and_keeps_partial_frames
tests/unit/artifacts/test_organization.py::test_result_date_requires_recorded_start_time
tests/unit/artifacts/test_organization.py::test_selection_manifest_references_runs_without_copying_artifacts
tests/unit/artifacts/test_organization.py::test_migration_separates_real_runs_from_legacy_scratch
tests/unit/artifacts/test_organization.py::test_selection_cli_uses_current_progress_or_explicit_archive
tests/unit/artifacts/test_schema_paths.py::test_historical_schema_requires_explicit_migration
tests/unit/artifacts/test_schema_paths.py::test_current_config_remains_independent_after_validation
tests/unit/dynamics/test_lotf.py::LOTFModelTests::test_backward_matches_simplified_jacobian_and_prng_has_zero_tangent
tests/unit/dynamics/test_lotf.py::LOTFModelTests::test_forward_matches_upstream_and_uses_actual_example_machine
tests/unit/dynamics/test_lotf.py::LOTFModelTests::test_full_prv_state_and_action_simplified_dynamics_jacobian
tests/unit/dynamics/test_lotf.py::LOTFModelTests::test_selected_direct_rule_has_same_forward_and_distinct_derivative
tests/unit/dynamics/test_step_contract.py::test_all_dynamics_expose_the_same_state_control_dt_signature
tests/unit/dynamics/test_step_contract.py::test_crazyflow_step_is_the_native_public_pipeline
tests/unit/dynamics/test_step_contract.py::test_point_mass_accepts_only_acceleration_and_preserves_lag_gradient
tests/unit/dynamics/test_step_contract.py::test_crazyflow_body_rates_use_native_order_and_no_attitude_controller
tests/unit/environments/observations/test_range.py::test_range_bins_preserve_nearest_return_and_ignore_invalid_finite_filler
tests/unit/environments/observations/test_range.py::test_polar_encoder_keeps_empty_frames_zero_and_gradients_finite
tests/unit/environments/observations/test_range.py::test_actor_and_critic_use_the_explicit_range_encoder_and_same_observation_contract
tests/unit/environments/scenes/test_geometry.py::test_oriented_gate_bar_ray_matches_mujoco
tests/unit/environments/scenes/test_geometry.py::test_capsule_ray_and_distance_match_rounded_obstacle
tests/unit/environments/scenes/test_navigation_catalog.py::test_fixed_catalog_has_numbered_static_and_dynamic_candidates
tests/unit/environments/scenes/test_navigation_catalog.py::test_fixed_bank_is_exact_and_does_not_generate_extra_obstacles
tests/unit/environments/scenes/test_navigation_catalog.py::test_static_and_dynamic_motion_identity_is_explicit
tests/unit/environments/scenes/test_navigation_catalog.py::test_default_catalog_is_a_committed_route_free_human_readable_file
tests/unit/environments/scenes/test_navigation_catalog.py::test_navigation_benchmark_primary_scenes_match_sando_difficulty_protocol
tests/unit/environments/scenes/test_navigation_catalog.py::test_navigation_benchmark_retains_3d_extensions_and_moves_d06_crossbars
tests/unit/environments/sensors/test_depth.py::test_intrinsics_follow_the_pinned_d435_configuration
tests/unit/environments/sensors/test_depth.py::test_optical_directions_are_axial_and_centred
tests/unit/environments/sensors/test_depth.py::test_sensor_pose_mounts_the_optical_frame_on_the_body_forward_axis
tests/unit/environments/sensors/test_depth.py::test_depth_rays_match_native_mujoco[pose0-quat0]
tests/unit/environments/sensors/test_depth.py::test_depth_rays_match_native_mujoco[pose1-quat1]
tests/unit/environments/sensors/test_depth.py::test_depth_rays_match_native_mujoco[pose2-quat2]
tests/unit/environments/sensors/test_depth.py::test_depth_rays_match_native_mujoco[pose3-quat3]
tests/unit/environments/sensors/test_depth.py::test_depth_rays_match_native_mujoco[pose4-quat4]
tests/unit/environments/sensors/test_depth.py::test_occlusion_and_ordering_prefer_the_nearer_surface
tests/unit/environments/sensors/test_depth.py::test_range_clipping_marks_far_and_missing_pixels_invalid
tests/unit/environments/sensors/test_depth.py::test_moving_obstacle_is_rendered_where_it_actually_is
tests/unit/environments/sensors/test_depth.py::test_depth_observation_encodes_range_validity_and_history
tests/unit/environments/sensors/test_depth.py::test_sensor_refresh_rate_is_an_exact_control_step_divisor
tests/unit/environments/sensors/test_gradients.py::test_masked_ray_misses_have_finite_position_derivatives[2]
tests/unit/environments/sensors/test_gradients.py::test_masked_ray_misses_have_finite_position_derivatives[1]
tests/unit/environments/sensors/test_gradients.py::test_masked_ray_misses_have_finite_position_derivatives[3]
tests/unit/environments/sensors/test_gradients.py::test_masked_ray_misses_have_finite_position_derivatives[4]
tests/unit/environments/sensors/test_gradients.py::test_detached_lidar_has_identical_measurements_and_explicit_zero_state_derivative
tests/unit/environments/sensors/test_gradients.py::test_lidar_derivative_contract_rejects_unknown_rules
tests/unit/environments/sensors/test_lidar.py::test_scan_pattern_is_the_pinned_mid360_horizon
tests/unit/environments/sensors/test_lidar.py::test_consecutive_windows_are_not_repetitive
tests/unit/environments/sensors/test_lidar.py::test_directions_are_unit_and_follow_the_livox_convention
tests/unit/environments/sensors/test_lidar.py::test_per_point_time_and_period_are_recorded_and_exact
tests/unit/environments/sensors/test_lidar.py::test_mid360_rays_match_mujoco_lidar_and_mj_ray[position0-quat0]
tests/unit/environments/sensors/test_lidar.py::test_mid360_rays_match_mujoco_lidar_and_mj_ray[position1-quat1]
tests/unit/environments/sensors/test_lidar.py::test_mid360_rays_match_mujoco_lidar_and_mj_ray[position2-quat2]
tests/unit/environments/sensors/test_lidar.py::test_policy_frame_matches_a_direct_cast
tests/unit/environments/sensors/test_lidar.py::test_world_points_actually_apply_the_world_transform
tests/unit/environments/sensors/test_lidar.py::test_sensor_range_and_validity_conventions
tests/unit/environments/sensors/test_rays.py::test_chunked_intersections_match_serial_hits_and_derivatives[False-1]
tests/unit/environments/sensors/test_rays.py::test_chunked_intersections_match_serial_hits_and_derivatives[False-4]
tests/unit/environments/sensors/test_rays.py::test_chunked_intersections_match_serial_hits_and_derivatives[False-16]
tests/unit/environments/sensors/test_rays.py::test_chunked_intersections_match_serial_hits_and_derivatives[True-1]
tests/unit/environments/sensors/test_rays.py::test_chunked_intersections_match_serial_hits_and_derivatives[True-4]
tests/unit/environments/sensors/test_rays.py::test_chunked_intersections_match_serial_hits_and_derivatives[True-16]
tests/unit/environments/sensors/test_rays.py::test_zero_obstacle_bank_still_intersects_ground_when_batching
tests/unit/environments/tasks/test_measurement_boundary.py::test_measurement_noise_changes_actor_input_not_loss_target[depth]
tests/unit/environments/tasks/test_measurement_boundary.py::test_measurement_noise_changes_actor_input_not_loss_target[pointcloud]
tests/unit/evaluation/test_checkpoint_selection.py::test_worst_scene_precedes_total_and_total_breaks_zero_worst_ties
tests/unit/evaluation/test_checkpoint_selection.py::test_selection_rejects_incomplete_or_repeated_perturbations[missing]
tests/unit/evaluation/test_checkpoint_selection.py::test_selection_rejects_incomplete_or_repeated_perturbations[duplicate_seed]
tests/unit/evaluation/test_checkpoint_selection.py::test_selection_rejects_incomplete_or_repeated_perturbations[missing_reset]
tests/unit/evaluation/test_checkpoint_selection.py::test_selection_rejects_incomplete_or_repeated_perturbations[wrong_reset]
tests/unit/evaluation/test_checkpoint_selection.py::test_primary_selection_does_not_use_extensions_to_choose_policy
tests/unit/evaluation/test_checkpoint_selection.py::test_primary_selection_retains_worst_scene_priority
tests/unit/evaluation/test_checkpoint_selection.py::test_selection_consumes_explicit_scene_roles_and_configured_episode_count
tests/unit/evaluation/test_control_benchmark.py::test_tracking_uses_95_percent_and_keeps_failures
tests/unit/evaluation/test_control_benchmark.py::test_rejects_invalid_benchmark_evidence[duplicates]
tests/unit/evaluation/test_control_benchmark.py::test_rejects_invalid_benchmark_evidence[missing]
tests/unit/evaluation/test_control_benchmark.py::test_rejects_invalid_benchmark_evidence[dev]
tests/unit/evaluation/test_control_benchmark.py::test_rejects_invalid_benchmark_evidence[unfrozen]
tests/unit/evaluation/test_control_benchmark.py::test_native_solver_needs_runtime_identity_and_does_not_require_training_seeds
tests/unit/evaluation/test_evaluation_config.py::test_checkpoint_environment_is_the_default_execution_config
tests/unit/evaluation/test_evaluation_config.py::test_explicit_execution_environment_keeps_frozen_policy_identity
tests/unit/evaluation/test_pilot_benchmark.py::test_pilot_counts_failures_and_high_error_as_unsuccessful
tests/unit/evaluation/test_pilot_benchmark.py::test_pilot_uses_worst_scene_not_average_success
tests/unit/evaluation/test_pilot_benchmark.py::test_checkpoint_eval_seed_start_is_runtime_configuration
tests/unit/evaluation/test_tracking.py::EvaluationContractTests::test_failure_is_retained_and_future_frames_are_not_counted
tests/unit/evaluation/test_tracking.py::EvaluationContractTests::test_zero_completed_trials_is_an_explicit_quality_failure
tests/unit/learning/test_bptt.py::test_bptt_updates_real_policy_and_restores_all_state
tests/unit/learning/test_bptt.py::test_shac_sensor_training_uses_the_same_network_as_frozen_inference
tests/unit/learning/test_recurrent_checkpoints.py::test_selection_survives_resume_without_reselecting_a_worse_model
tests/unit/learning/test_recurrent_checkpoints.py::test_resume_rejects_changed_training_contract
tests/unit/learning/test_shac.py::SHACTests::test_bootstrap_freezes_weights_but_preserves_state_derivative
tests/unit/learning/test_shac.py::SHACTests::test_discounted_segments_close_on_termination_and_window_end
tests/unit/learning/test_shac.py::SHACTests::test_lambda_returns_terminate_and_timeout
tests/unit/networks/test_factory.py::test_recurrent_builder_consumes_encoder_and_memory[pointnet-shape0]
tests/unit/networks/test_factory.py::test_recurrent_builder_consumes_encoder_and_memory[depth_cnn-shape1]
tests/unit/networks/test_factory.py::test_state_mlp_uses_requested_widths
tests/unit/networks/test_factory.py::test_unimplemented_recurrent_fields_are_not_silently_ignored
tests/unit/networks/test_perception.py::test_actor_and_critic_information_boundary_is_explicit
tests/unit/networks/test_perception.py::test_sensor_measurements_change_the_policy_output
tests/unit/networks/test_perception.py::test_point_encoder_is_permutation_invariant
tests/unit/rpc/test_typed_outputs.py::test_typed_setpoint_roundtrip_preserves_physical_fields[value0]
tests/unit/rpc/test_typed_outputs.py::test_typed_setpoint_roundtrip_preserves_physical_fields[value1]
tests/unit/rpc/test_typed_outputs.py::test_typed_setpoint_roundtrip_preserves_physical_fields[value2]
tests/unit/rpc/test_typed_outputs.py::test_typed_setpoint_roundtrip_preserves_physical_fields[value3]
tests/unit/rpc/test_typed_outputs.py::test_typed_setpoint_roundtrip_preserves_physical_fields[value4]
tests/unit/rpc/test_typed_outputs.py::test_typed_setpoint_roundtrip_preserves_physical_fields[value5]
tests/unit/rpc/test_typed_outputs.py::test_corridor_roundtrip_preserves_its_own_time_window
tests/unit/rpc/test_typed_outputs.py::test_wrong_or_nonfinite_wire_values_are_rejected
tests/unit/rpc/test_waypoints.py::test_ordered_native_goals_keep_progress_across_identical_packets_and_hold_final_target
tests/unit/rpc/test_waypoints.py::test_ros_upstream_waypoint_mode_advertises_and_enforces_actual_input[super]
tests/unit/rpc/test_waypoints.py::test_ros_upstream_waypoint_mode_advertises_and_enforces_actual_input[ego]
tests/unit/runtime/test_devices.py::test_execution_scope_honors_requested_device
tests/unit/runtime/test_execution.py::test_complete_interval_applies_control_once_and_probes_every_physics_step
tests/unit/runtime/test_execution.py::test_action_delay_is_causal_and_reset_clears_queue
tests/unit/runtime/test_execution.py::test_host_runner_keeps_the_terminal_physical_transition
tests/unit/runtime/test_execution.py::test_training_autoreset_clears_delay_memory_per_finished_world
tests/unit/runtime/test_terminal_compute.py::test_terminal_batch_preserves_terminal_state_without_more_physics_calls
tests/unit/runtime/test_timing_contract.py::test_trajectory_time_contract_is_the_only_admissible_sampling_interval
tests/unit/runtime/test_timing_contract.py::test_waypoint_defaults_declare_no_horizon_and_keep_the_untimed_goal_usable
tests/unit/runtime/test_timing_contract.py::test_waypoint_rejects_an_inverted_or_nonfinite_validity_window
tests/unit/runtime/test_timing_contract.py::test_trajectory_rejects_a_negative_origin_and_a_non_world_frame
tests/unit/runtime/test_timing_contract.py::test_wire_round_trip_preserves_waypoint_and_trajectory_timing
tests/unit/runtime/test_timing_contract.py::test_wire_reports_an_untimed_waypoint_as_open_ended
tests/unit/runtime/test_timing_contract.py::test_stale_or_future_upstream_waypoint_is_rejected_before_execution
tests/unit/runtime/test_timing_contract.py::test_untimed_task_goal_is_accepted_as_a_plain_setpoint
tests/unit/runtime/test_timing_contract.py::test_goal_module_restamps_only_a_changed_target
tests/unit/runtime/test_timing_contract.py::test_ten_hertz_source_stays_cached_across_fifty_hertz_execution
tests/unit/runtime/test_timing_contract.py::test_reset_clears_the_waypoint_time_state
tests/unit/visualization/test_rscope_client.py::test_sftp_remote_names_remain_posix_and_local_paths_are_preserved
tests/unit/visualization/test_rscope_client.py::test_openssh_alias_resolution_preserves_user_host_port_and_existing_identity
tests/unit/visualization/test_rscope_client.py::test_ui_lock_fix_is_narrow_version_checked_and_preserves_the_package
tests/unit/visualization/test_rscope_client.py::test_reference_points_are_reconstructed_from_tracking_observation
tests/unit/visualization/test_rscope_client.py::test_reference_route_populates_user_scene_with_red_line_segments
tests/unit/visualization/test_rscope_client.py::test_reference_route_uses_most_complete_matching_case_across_checkpoints

=============================== warnings summary ===============================
.pixi/envs/default/lib/python3.13/site-packages/jaxopt/__init__.py:59
  /home/tong/tongworkspace/simulation_dev/drone_playground/.pixi/envs/default/lib/python3.13/site-packages/jaxopt/__init__.py:59: DeprecationWarning: JAXopt is no longer maintained. See https://docs.jax.dev/en/latest/ for alternatives.
    warnings.warn(

-- Docs: https://docs.pytest.org/en/stable/how-to/capture-warnings.html
562 tests collected in 3.04s
