F........                                                                [100%]
=================================== FAILURES ===================================
_______ test_corridor_and_preview_keep_separate_expiry_in_actual_replay ________

tmp_path = PosixPath('/tmp/pytest-of-tong/pytest-910/test_corridor_and_preview_keep0')

    def test_corridor_and_preview_keep_separate_expiry_in_actual_replay(tmp_path):
        from drone_playground.planning.corridors import ConvexPolytope, SafeFlightCorridor, TrajectoryPreview
        from drone_playground.references import Trajectory
        from drone_playground.visualization.layers import layers_from_decisions

        bank, _ = NavigationCatalogScene(scene_ids=("S01",)).build()
        model = create_replay_model(SimpleNamespace(bank=bank, dt=0.02, sensor=None), 0)
        vertices = np.array([[0, 0, 1], [1, 0, 1], [0, 1, 1], [0, 0, 2]])
        corridor = SafeFlightCorridor("candidate", (ConvexPolytope(vertices=vertices),), 0.0, 0.3)
        coefficients = np.zeros((1, 4, 2))
        coefficients[0, 0, 1] = 1.0
        curve = Trajectory(0.0, [1.0], coefficients)
        preview = TrajectoryPreview("backup", curve, 0.0, 0.8)
        layers = layers_from_decisions([dict(time=0.0, reply=dict(corridors=(corridor,), trajectory_previews=(preview,)))])
        assert {frame.layer: frame.valid_until for frame in layers.planning} == {
            "stage-output/sfc/candidate": 0.3, "stage-output/preview/backup": 0.8,
        }
        model.replay_visualization = layers
        times = np.array([0., 0.4, 0.9], np.float32)
        trace = dict(pos=np.broadcast_to(np.asarray(bank.start[0]), (3, 1, 3)),
                     quat=np.broadcast_to([0., 0., 0., 1.], (3, 1, 4)), time=times[:, None],
                     actions=np.zeros((3, 1, 4)), obs=np.zeros((3, 1, 20)), reward=np.zeros((3, 1)),
                     metrics={}, obstacle_pos=obstacle_track(bank, 0, times)[:, None])
        result = export_rollout(model, tmp_path, trace)
        assert result.is_file()
>       loaded = mujoco.MjModel.from_xml_path(str(tmp_path / "scene.xml"))
                 ^^^^^^^^^^^^^^^^^^^^^^^^^^^^^^^^^^^^^^^^^^^^^^^^^^^^^^^^^
E       ValueError: XML Error: text field cannot be empty
E       Element 'text', line 192

tests/integration/visualization/test_mjcf_replay.py:75: ValueError
=============================== warnings summary ===============================
tests/integration/evaluation/test_pointcloud.py::test_fast_thin_bar_collision_is_detected_and_terminal_state_is_frozen
  /home/tong/tongworkspace/simulation_dev/drone_playground/.pixi/envs/default/lib/python3.13/site-packages/jaxopt/__init__.py:59: DeprecationWarning: JAXopt is no longer maintained. See https://docs.jax.dev/en/latest/ for alternatives.
    warnings.warn(

-- Docs: https://docs.pytest.org/en/stable/how-to/capture-warnings.html
=========================== short test summary info ============================
FAILED tests/integration/visualization/test_mjcf_replay.py::test_corridor_and_preview_keep_separate_expiry_in_actual_replay
1 failed, 8 passed, 1 warning in 32.01s
