[  0%] Built target geometry_msgs_generate_messages_py
[  0%] Built target nav_msgs_generate_messages_py
[  0%] Built target _quadrotor_msgs_generate_messages_check_deps_StatusData
[  0%] Built target _quadrotor_msgs_generate_messages_check_deps_Odometry
[  0%] Built target _quadrotor_msgs_generate_messages_check_deps_LQRTrajectory
[  0%] Built target _quadrotor_msgs_generate_messages_check_deps_AuxCommand
[  0%] Built target _quadrotor_msgs_generate_messages_check_deps_Corrections
[  0%] Built target _quadrotor_msgs_generate_messages_check_deps_Gains
[  0%] Built target _quadrotor_msgs_generate_messages_check_deps_OutputData
[  0%] Built target _quadrotor_msgs_generate_messages_check_deps_PositionCommand
[  0%] Built target _quadrotor_msgs_generate_messages_check_deps_PPROutputData
[  0%] Built target _quadrotor_msgs_generate_messages_check_deps_Serial
[  0%] Built target _quadrotor_msgs_generate_messages_check_deps_PolynomialTrajectory
[  0%] Built target _quadrotor_msgs_generate_messages_check_deps_SO3Command
[  0%] Built target nav_msgs_generate_messages_nodejs
[  0%] Built target _quadrotor_msgs_generate_messages_check_deps_TRPYCommand
[  0%] Built target geometry_msgs_generate_messages_nodejs
[  0%] Built target nav_msgs_generate_messages_cpp
[  0%] Built target geometry_msgs_generate_messages_cpp
[  0%] Built target nav_msgs_generate_messages_eus
[  0%] Built target geometry_msgs_generate_messages_eus
[  0%] Built target nav_msgs_generate_messages_lisp
[  0%] Built target geometry_msgs_generate_messages_lisp
[  0%] Built target _ego_planner_generate_messages_check_deps_DataDisp
[  2%] Built target plan_env
[  2%] Built target std_msgs_generate_messages_lisp
[  2%] Built target std_msgs_generate_messages_nodejs
[  2%] Built target std_msgs_generate_messages_cpp
[  2%] Built target _ego_planner_generate_messages_check_deps_Bspline
[  2%] Built target std_msgs_generate_messages_eus
[  2%] Built target std_msgs_generate_messages_py
[ 16%] Built target quadrotor_msgs_generate_messages_py
[ 29%] Built target quadrotor_msgs_generate_messages_nodejs
[ 41%] Built target quadrotor_msgs_generate_messages_cpp
[ 55%] Built target quadrotor_msgs_generate_messages_eus
[ 68%] Built target quadrotor_msgs_generate_messages_lisp
[ 70%] Built target encode_msgs
[ 73%] Built target decode_msgs
[ 74%] Built target ego_planner_generate_messages_lisp
[ 76%] Built target path_searching
[ 78%] Built target ego_planner_generate_messages_nodejs
[ 80%] Built target ego_planner_generate_messages_cpp
[ 83%] Built target ego_planner_generate_messages_eus
[ 87%] Built target ego_planner_generate_messages_py
[ 87%] Built target quadrotor_msgs_generate_messages
[ 87%] Built target ego_planner_generate_messages
[ 90%] Built target bspline_opt
[ 93%] Built target traj_utils
Scanning dependencies of target ego_planner_node
[ 95%] Built target traj_server
[ 96%] Building CXX object ego-planner/src/planner/plan_manage/CMakeFiles/ego_planner_node.dir/src/ego_replan_fsm.cpp.o
[ 97%] Linking CXX executable /opt/drone_playground/planners/ego/devel/lib/ego_planner/ego_planner_node
[100%] Built target ego_planner_node
Base path: /opt/drone_playground/planners/ego
Source space: /opt/drone_playground/planners/ego/src
Build space: /opt/drone_playground/planners/ego/build
Devel space: /opt/drone_playground/planners/ego/devel
Install space: /opt/drone_playground/planners/ego/install
####
#### Running command: "make cmake_check_build_system" in "/opt/drone_playground/planners/ego/build"
####
####
#### Running command: "make -j2" in "/opt/drone_playground/planners/ego/build"
####
