....................FF............................................... [ 22%]
...................................................................... [ 44%]
............................F...................F....................... [ 67%]
..................................FFFFFFFF.................F............ [ 90%]
.............................                                            [100%]
=================================== FAILURES ===================================
_ test_public_environment_preserves_the_qualified_source_model_and_protocol[p5_static_super-paper/super-navigation/static] _

old = 'p5_static_super', method = 'paper/super'
environment = 'navigation/static'

    @pytest.mark.parametrize(
        "old,method,environment",
        [
            ("figure8_ppo", "learning/ppo", "tracking"),
            ("random_ppo", "learning/ppo", "tracking/random"),
            ("racing_ppo", "learning/ppo", "racing"),
            ("racing_attitude_mpc", "optimization/attitude_mpc", "racing"),
            ("racing_sampling_mpc", "optimization/sampling_mpc", "racing"),
            ("p5_static_super", "paper/super", "navigation/static"),
            ("p5_static_ego", "paper/ego_planner", "navigation/static"),
            ("lotf_hybrid_hover", "paper/lotf", "paper/lotf_hover"),
            ("lotf_hybrid_tracking", "paper/lotf", "paper/lotf_tracking"),
            ("paper_pointcloud", "paper/pointcloud_flight", "paper/pointcloud_flight"),
        ],
    )
    def test_public_environment_preserves_the_qualified_source_model_and_protocol(
        old, method, environment
    ):
        from drone_playground.composition import compose_method
        from tests.reference_configs import compose_reference
    
>       assert compose_method(method, environment)["env"] == compose_reference(old)["env"]
E       AssertionError: assert {'scene': {'_...ue, ...}, ...} == {'name': 'nav...00, ...}, ...}
E         
E         Omitting 5 identical items, use -vv to show
E         Differing items:
E         {'task': {'name': 'navigation', 'dynamic': False, 'freq': 50, 'duration': 300.0, ...}} != {'task': {'name': 'navigation', 'dynamic': False, 'freq': 50, 'duration': 40.0, ...}}
E         Use -v to get more diff

tests/test_architecture_v3.py:136: AssertionError
_ test_public_environment_preserves_the_qualified_source_model_and_protocol[p5_static_ego-paper/ego_planner-navigation/static] _

old = 'p5_static_ego', method = 'paper/ego_planner'
environment = 'navigation/static'

    @pytest.mark.parametrize(
        "old,method,environment",
        [
            ("figure8_ppo", "learning/ppo", "tracking"),
            ("random_ppo", "learning/ppo", "tracking/random"),
            ("racing_ppo", "learning/ppo", "racing"),
            ("racing_attitude_mpc", "optimization/attitude_mpc", "racing"),
            ("racing_sampling_mpc", "optimization/sampling_mpc", "racing"),
            ("p5_static_super", "paper/super", "navigation/static"),
            ("p5_static_ego", "paper/ego_planner", "navigation/static"),
            ("lotf_hybrid_hover", "paper/lotf", "paper/lotf_hover"),
            ("lotf_hybrid_tracking", "paper/lotf", "paper/lotf_tracking"),
            ("paper_pointcloud", "paper/pointcloud_flight", "paper/pointcloud_flight"),
        ],
    )
    def test_public_environment_preserves_the_qualified_source_model_and_protocol(
        old, method, environment
    ):
        from drone_playground.composition import compose_method
        from tests.reference_configs import compose_reference
    
>       assert compose_method(method, environment)["env"] == compose_reference(old)["env"]
E       AssertionError: assert {'scene': {'_...ue, ...}, ...} == {'name': 'nav...90, ...}, ...}
E         
E         Omitting 5 identical items, use -vv to show
E         Differing items:
E         {'task': {'name': 'navigation', 'dynamic': False, 'freq': 50, 'duration': 300.0, ...}} != {'task': {'name': 'navigation', 'dynamic': False, 'freq': 50, 'duration': 40.0, ...}}
E         Use -v to get more diff

tests/test_architecture_v3.py:136: AssertionError
_____________ test_composition_rejects_navigation_protocol_changes _____________

    def test_composition_rejects_navigation_protocol_changes():
        config = compose_config("p5_navigation_static")
        validate_config(config)
        for override in (
            ["task.duration=30.0"],
            ["task.goal_radius=1.0"],
            ["task.freq=100"],
            ["task.dynamic=true"],
        ):
>           with pytest.raises(ValueError):
                 ^^^^^^^^^^^^^^^^^^^^^^^^^
E           Failed: DID NOT RAISE ValueError

tests/test_navigation.py:205: Failed
_____ OptimizationTests.test_actual_acados_solve_preserves_native_problem ______

self = <tests.test_optimization.OptimizationTests testMethod=test_actual_acados_solve_preserves_native_problem>

    def test_actual_acados_solve_preserves_native_problem(self):
        m = self.module("lsy_mpc")
        from drone_playground.environments.scenes import load_lsy_config
    
        obs = dict(
            pos=np.array([-1.5, 0.75, 0.01]),
            quat=np.array([0.0, 0.0, 0.0, 1.0]),
            vel=np.zeros(3),
            ang_vel=np.zeros(3),
        )
        with tempfile.TemporaryDirectory() as directory:
>           controller = m.LSYAttitudeMPC(obs, {}, load_lsy_config(), workdir=Path(directory))
                         ^^^^^^^^^^^^^^^^^^^^^^^^^^^^^^^^^^^^^^^^^^^^^^^^^^^^^^^^^^^^^^^^^^^^^

tests/test_optimization.py:30: 
_ _ _ _ _ _ _ _ _ _ _ _ _ _ _ _ _ _ _ _ _ _ _ _ _ _ _ _ _ _ _ _ _ _ _ _ _ _ _ _ 
src/drone_playground/methods/optimal_control/lsy_mpc.py:35: in __init__
    self.source = acados_directory()
                  ^^^^^^^^^^^^^^^^^^
_ _ _ _ _ _ _ _ _ _ _ _ _ _ _ _ _ _ _ _ _ _ _ _ _ _ _ _ _ _ _ _ _ _ _ _ _ _ _ _ 

    def acados_directory() -> Path:
        default = Path(__file__).resolve().parents[4] / "tmp/p3p4/optimization/acados"
        root = Path(os.environ.get("ACADOS_SOURCE_DIR", default)).resolve()
        if not (root / "lib/libacados.so").is_file():
>           raise FileNotFoundError(
                f"acados v0.5.1 needs a local build: bash scripts/tools/setup_acados.sh ({root})"
            )
E           FileNotFoundError: acados v0.5.1 needs a local build: bash scripts/tools/setup_acados.sh (/home/tong/tongworkspace/simulation_dev/.worktrees/drone_playground/architecture-v3/tmp/p3p4/optimization/acados)

src/drone_playground/methods/optimal_control/lsy_mpc.py:19: FileNotFoundError
_ test_navigation8_nominal_label_requires_the_frozen_protocol[task-body_radius-0.035] _

group = 'task', field = 'body_radius', value = 0.035

    @pytest.mark.parametrize(
        ("group", "field", "value"),
        [
            ("task", "body_radius", 0.035),
            ("task", "goal_radius", 1.0),
            ("task", "physics_freq", 250),
            ("task", "duration", 20.0),
            ("evaluation", "duration", 20.0),
            ("evaluation", "speeds", [4.0]),
            ("evaluation", "scene_ids", ["S01", "D01"]),
            ("evaluation", "episodes", 2),
        ],
    )
    def test_navigation8_nominal_label_requires_the_frozen_protocol(group, field, value):
        config = compose_config("paper_pointcloud_navigation8")
        validate_config(config)
        (config["env"]["task"] if group == "task" else config[group])[field] = value
>       with pytest.raises(ValueError, match="Navigation8 nominal"):
             ^^^^^^^^^^^^^^^^^^^^^^^^^^^^^^^^^^^^^^^^^^^^^^^^^^^^^^
E       AssertionError: Regex pattern did not match.
E         Expected regex: 'Navigation8 nominal'
E         Actual message: 'Selected navigation protocol requires task.body_radius=0.07; received 0.035. Register protocol changes as a separate ablation.'

tests/test_pointcloud_protocol_guards.py:44: AssertionError
_ test_navigation8_nominal_label_requires_the_frozen_protocol[task-goal_radius-1.0] _

group = 'task', field = 'goal_radius', value = 1.0

    @pytest.mark.parametrize(
        ("group", "field", "value"),
        [
            ("task", "body_radius", 0.035),
            ("task", "goal_radius", 1.0),
            ("task", "physics_freq", 250),
            ("task", "duration", 20.0),
            ("evaluation", "duration", 20.0),
            ("evaluation", "speeds", [4.0]),
            ("evaluation", "scene_ids", ["S01", "D01"]),
            ("evaluation", "episodes", 2),
        ],
    )
    def test_navigation8_nominal_label_requires_the_frozen_protocol(group, field, value):
        config = compose_config("paper_pointcloud_navigation8")
        validate_config(config)
        (config["env"]["task"] if group == "task" else config[group])[field] = value
>       with pytest.raises(ValueError, match="Navigation8 nominal"):
             ^^^^^^^^^^^^^^^^^^^^^^^^^^^^^^^^^^^^^^^^^^^^^^^^^^^^^^
E       AssertionError: Regex pattern did not match.
E         Expected regex: 'Navigation8 nominal'
E         Actual message: 'Selected navigation protocol requires task.goal_radius=0.5; received 1.0. Register protocol changes as a separate ablation.'

tests/test_pointcloud_protocol_guards.py:44: AssertionError
_ test_navigation8_nominal_label_requires_the_frozen_protocol[task-physics_freq-250] _

group = 'task', field = 'physics_freq', value = 250

    @pytest.mark.parametrize(
        ("group", "field", "value"),
        [
            ("task", "body_radius", 0.035),
            ("task", "goal_radius", 1.0),
            ("task", "physics_freq", 250),
            ("task", "duration", 20.0),
            ("evaluation", "duration", 20.0),
            ("evaluation", "speeds", [4.0]),
            ("evaluation", "scene_ids", ["S01", "D01"]),
            ("evaluation", "episodes", 2),
        ],
    )
    def test_navigation8_nominal_label_requires_the_frozen_protocol(group, field, value):
        config = compose_config("paper_pointcloud_navigation8")
        validate_config(config)
        (config["env"]["task"] if group == "task" else config[group])[field] = value
>       with pytest.raises(ValueError, match="Navigation8 nominal"):
             ^^^^^^^^^^^^^^^^^^^^^^^^^^^^^^^^^^^^^^^^^^^^^^^^^^^^^^
E       AssertionError: Regex pattern did not match.
E         Expected regex: 'Navigation8 nominal'
E         Actual message: 'Selected navigation protocol requires task.physics_freq=500; received 250. Register protocol changes as a separate ablation.'

tests/test_pointcloud_protocol_guards.py:44: AssertionError
_ test_navigation8_nominal_label_requires_the_frozen_protocol[task-duration-20.0] _

group = 'task', field = 'duration', value = 20.0

    @pytest.mark.parametrize(
        ("group", "field", "value"),
        [
            ("task", "body_radius", 0.035),
            ("task", "goal_radius", 1.0),
            ("task", "physics_freq", 250),
            ("task", "duration", 20.0),
            ("evaluation", "duration", 20.0),
            ("evaluation", "speeds", [4.0]),
            ("evaluation", "scene_ids", ["S01", "D01"]),
            ("evaluation", "episodes", 2),
        ],
    )
    def test_navigation8_nominal_label_requires_the_frozen_protocol(group, field, value):
        config = compose_config("paper_pointcloud_navigation8")
        validate_config(config)
        (config["env"]["task"] if group == "task" else config[group])[field] = value
>       with pytest.raises(ValueError, match="Navigation8 nominal"):
             ^^^^^^^^^^^^^^^^^^^^^^^^^^^^^^^^^^^^^^^^^^^^^^^^^^^^^^
E       AssertionError: Regex pattern did not match.
E         Expected regex: 'Navigation8 nominal'
E         Actual message: 'Selected navigation protocol requires task.duration=40.0; received 20.0. Register protocol changes as a separate ablation.'

tests/test_pointcloud_protocol_guards.py:44: AssertionError
_ test_navigation8_nominal_label_requires_the_frozen_protocol[evaluation-duration-20.0] _

group = 'evaluation', field = 'duration', value = 20.0

    @pytest.mark.parametrize(
        ("group", "field", "value"),
        [
            ("task", "body_radius", 0.035),
            ("task", "goal_radius", 1.0),
            ("task", "physics_freq", 250),
            ("task", "duration", 20.0),
            ("evaluation", "duration", 20.0),
            ("evaluation", "speeds", [4.0]),
            ("evaluation", "scene_ids", ["S01", "D01"]),
            ("evaluation", "episodes", 2),
        ],
    )
    def test_navigation8_nominal_label_requires_the_frozen_protocol(group, field, value):
        config = compose_config("paper_pointcloud_navigation8")
        validate_config(config)
        (config["env"]["task"] if group == "task" else config[group])[field] = value
>       with pytest.raises(ValueError, match="Navigation8 nominal"):
             ^^^^^^^^^^^^^^^^^^^^^^^^^^^^^^^^^^^^^^^^^^^^^^^^^^^^^^
E       AssertionError: Regex pattern did not match.
E         Expected regex: 'Navigation8 nominal'
E         Actual message: 'Selected navigation protocol requires evaluation.duration=40.0; received 20.0. Register protocol changes as a separate ablation.'

tests/test_pointcloud_protocol_guards.py:44: AssertionError
_ test_navigation8_nominal_label_requires_the_frozen_protocol[evaluation-speeds-value5] _

group = 'evaluation', field = 'speeds', value = [4.0]

    @pytest.mark.parametrize(
        ("group", "field", "value"),
        [
            ("task", "body_radius", 0.035),
            ("task", "goal_radius", 1.0),
            ("task", "physics_freq", 250),
            ("task", "duration", 20.0),
            ("evaluation", "duration", 20.0),
            ("evaluation", "speeds", [4.0]),
            ("evaluation", "scene_ids", ["S01", "D01"]),
            ("evaluation", "episodes", 2),
        ],
    )
    def test_navigation8_nominal_label_requires_the_frozen_protocol(group, field, value):
        config = compose_config("paper_pointcloud_navigation8")
        validate_config(config)
        (config["env"]["task"] if group == "task" else config[group])[field] = value
>       with pytest.raises(ValueError, match="Navigation8 nominal"):
             ^^^^^^^^^^^^^^^^^^^^^^^^^^^^^^^^^^^^^^^^^^^^^^^^^^^^^^
E       AssertionError: Regex pattern did not match.
E         Expected regex: 'Navigation8 nominal'
E         Actual message: 'Selected navigation protocol requires evaluation.speeds=[4.0, 6.0, 8.0]; received [4.0]. Register protocol changes as a separate ablation.'

tests/test_pointcloud_protocol_guards.py:44: AssertionError
_ test_navigation8_nominal_label_requires_the_frozen_protocol[evaluation-scene_ids-value6] _

group = 'evaluation', field = 'scene_ids', value = ['S01', 'D01']

    @pytest.mark.parametrize(
        ("group", "field", "value"),
        [
            ("task", "body_radius", 0.035),
            ("task", "goal_radius", 1.0),
            ("task", "physics_freq", 250),
            ("task", "duration", 20.0),
            ("evaluation", "duration", 20.0),
            ("evaluation", "speeds", [4.0]),
            ("evaluation", "scene_ids", ["S01", "D01"]),
            ("evaluation", "episodes", 2),
        ],
    )
    def test_navigation8_nominal_label_requires_the_frozen_protocol(group, field, value):
        config = compose_config("paper_pointcloud_navigation8")
        validate_config(config)
        (config["env"]["task"] if group == "task" else config[group])[field] = value
>       with pytest.raises(ValueError, match="Navigation8 nominal"):
             ^^^^^^^^^^^^^^^^^^^^^^^^^^^^^^^^^^^^^^^^^^^^^^^^^^^^^^
E       AssertionError: Regex pattern did not match.
E         Expected regex: 'Navigation8 nominal'
E         Actual message: "Selected navigation protocol requires evaluation.scene_ids=['S01', 'S02', 'S03', 'S06', 'D01', 'D02', 'D03', 'D06']; received ['S01', 'D01']. Register protocol changes as a separate ablation."

tests/test_pointcloud_protocol_guards.py:44: AssertionError
_ test_navigation8_nominal_label_requires_the_frozen_protocol[evaluation-episodes-2] _

group = 'evaluation', field = 'episodes', value = 2

    @pytest.mark.parametrize(
        ("group", "field", "value"),
        [
            ("task", "body_radius", 0.035),
            ("task", "goal_radius", 1.0),
            ("task", "physics_freq", 250),
            ("task", "duration", 20.0),
            ("evaluation", "duration", 20.0),
            ("evaluation", "speeds", [4.0]),
            ("evaluation", "scene_ids", ["S01", "D01"]),
            ("evaluation", "episodes", 2),
        ],
    )
    def test_navigation8_nominal_label_requires_the_frozen_protocol(group, field, value):
        config = compose_config("paper_pointcloud_navigation8")
        validate_config(config)
        (config["env"]["task"] if group == "task" else config[group])[field] = value
>       with pytest.raises(ValueError, match="Navigation8 nominal"):
             ^^^^^^^^^^^^^^^^^^^^^^^^^^^^^^^^^^^^^^^^^^^^^^^^^^^^^^
E       AssertionError: Regex pattern did not match.
E         Expected regex: 'Navigation8 nominal'
E         Actual message: 'Selected navigation protocol requires evaluation.episodes=1; received 2. Register protocol changes as a separate ablation.'

tests/test_pointcloud_protocol_guards.py:44: AssertionError
______ test_named_navigation_protocol_is_checked_and_recorded_by_identity ______

    def test_named_navigation_protocol_is_checked_and_recorded_by_identity():
        from drone_playground.evaluation.protocols import protocol_identity
    
        cfg = compose_method("paper/super", "navigation/static", ["evaluation=navigation_v1"])
>       validate_config(cfg)

tests/test_protocols_v3.py:15: 
_ _ _ _ _ _ _ _ _ _ _ _ _ _ _ _ _ _ _ _ _ _ _ _ _ _ _ _ _ _ _ _ _ _ _ _ _ _ _ _ 
src/drone_playground/composition.py:127: in validate_config
    protocol_identity(config)
_ _ _ _ _ _ _ _ _ _ _ _ _ _ _ _ _ _ _ _ _ _ _ _ _ _ _ _ _ _ _ _ _ _ _ _ _ _ _ _ 

config = {'config_version': 3, 'mode': 'eval', 'run_id': None, 'checkpoint': None, ...}

    def protocol_identity(config):
        selected = config.get("evaluation", {}).get("protocol")
        if not selected:
            return None
        path = _path(selected)
        raw = path.read_bytes()
        specification = yaml.safe_load(raw)
        if specification.get("name") != "navigation" or specification.get("version") not in (1, 2):
            raise ValueError("Unsupported benchmark protocol version")
        task, scene = config["env"]["task"], config["env"]["scene"]
        if task["name"] not in ("navigation", "pointcloud_avoidance"):
            raise ValueError("Navigation protocol requires a navigation task")
        catalog = _path(scene.get("catalog_path") or specification["catalog"])
        if hashlib.sha256(catalog.read_bytes()).hexdigest() != specification["catalog_sha256"]:
            raise ValueError("Benchmark catalog geometry differs from the locked identity")
        for field, expected in (("duration", "duration_s"), ("goal_radius", "goal_radius_m")):
            if float(task[field]) != float(specification[expected]):
>               raise ValueError(f"Benchmark protocol differs on task.{field}")
E               ValueError: Benchmark protocol differs on task.duration

src/drone_playground/evaluation/protocols.py:33: ValueError
=============================== warnings summary ===============================
.pixi/envs/default/lib/python3.13/site-packages/jaxopt/__init__.py:59
  /home/tong/tongworkspace/simulation_dev/.worktrees/drone_playground/architecture-v3/.pixi/envs/default/lib/python3.13/site-packages/jaxopt/__init__.py:59: DeprecationWarning: JAXopt is no longer maintained. See https://docs.jax.dev/en/latest/ for alternatives.
    warnings.warn(

tests/test_bptt_training.py: 4 warnings
tests/test_dva_navigation.py: 12 warnings
tests/test_pointcloud_control_pipeline.py: 3 warnings
tests/test_racing.py: 4 warnings
tests/test_shac.py: 6 warnings
tests/test_shac_warm_start.py: 2 warnings
  /home/tong/tongworkspace/simulation_dev/.worktrees/drone_playground/architecture-v3/.pixi/envs/default/lib/python3.13/site-packages/optax/_src/linear_algebra.py:44: DeprecationWarning: optax.global_norm is deprecated in favor of optax.tree.norm
    warnings.warn(

-- Docs: https://docs.pytest.org/en/stable/how-to/capture-warnings.html
=========================== short test summary info ============================
FAILED tests/test_architecture_v3.py::test_public_environment_preserves_the_qualified_source_model_and_protocol[p5_static_super-paper/super-navigation/static]
FAILED tests/test_architecture_v3.py::test_public_environment_preserves_the_qualified_source_model_and_protocol[p5_static_ego-paper/ego_planner-navigation/static]
FAILED tests/test_navigation.py::test_composition_rejects_navigation_protocol_changes
FAILED tests/test_optimization.py::OptimizationTests::test_actual_acados_solve_preserves_native_problem
FAILED tests/test_pointcloud_protocol_guards.py::test_navigation8_nominal_label_requires_the_frozen_protocol[task-body_radius-0.035]
FAILED tests/test_pointcloud_protocol_guards.py::test_navigation8_nominal_label_requires_the_frozen_protocol[task-goal_radius-1.0]
FAILED tests/test_pointcloud_protocol_guards.py::test_navigation8_nominal_label_requires_the_frozen_protocol[task-physics_freq-250]
FAILED tests/test_pointcloud_protocol_guards.py::test_navigation8_nominal_label_requires_the_frozen_protocol[task-duration-20.0]
FAILED tests/test_pointcloud_protocol_guards.py::test_navigation8_nominal_label_requires_the_frozen_protocol[evaluation-duration-20.0]
FAILED tests/test_pointcloud_protocol_guards.py::test_navigation8_nominal_label_requires_the_frozen_protocol[evaluation-speeds-value5]
FAILED tests/test_pointcloud_protocol_guards.py::test_navigation8_nominal_label_requires_the_frozen_protocol[evaluation-scene_ids-value6]
FAILED tests/test_pointcloud_protocol_guards.py::test_navigation8_nominal_label_requires_the_frozen_protocol[evaluation-episodes-2]
FAILED tests/test_protocols_v3.py::test_named_navigation_protocol_is_checked_and_recorded_by_identity
13 failed, 299 passed, 32 warnings, 5 subtests passed in 1756.62s (0:29:16)
