.......FF                                                                [100%]
=================================== FAILURES ===================================
___________ test_fallback_only_episodes_cannot_pass_native_execution ___________

    def test_fallback_only_episodes_cannot_pass_native_execution():
>       from drone_playground.evaluation.native_control import native_execution_evidence
E       ImportError: cannot import name 'native_execution_evidence' from 'drone_playground.evaluation.native_control' (/home/tong/tongworkspace/simulation_dev/.worktrees/drone_playground/architecture-v3/src/drone_playground/evaluation/native_control.py)

tests/test_native_control.py:30: ImportError
----------------------------- Captured stdout call -----------------------------
Failed to import warp: No module named 'warp'
Failed to import mujoco_warp: No module named 'warp'
___________ test_ego_patch_preserves_received_three_dimensional_goal ___________

tmp_path = PosixPath('/tmp/pytest-of-tong/pytest-612/test_ego_patch_preserves_recei0')

    def test_ego_patch_preserves_received_three_dimensional_goal(tmp_path):
        import subprocess
        from pathlib import Path
    
        root = Path(__file__).resolve().parents[1]
        source = tmp_path / 'src/planner/plan_manage/src/ego_replan_fsm.cpp'
        source.parent.mkdir(parents=True)
        original = '''    bool success = false;
        end_pt_ << msg->poses[0].pose.position.x, msg->poses[0].pose.position.y, 1.0;
        success = planner_manager_->planGlobalTraj(odom_pos_, odom_vel_, Eigen::Vector3d::Zero(), end_pt_, Eigen::Vector3d::Zero(), Eigen::Vector3d::Zero());
    '''
        source.write_text(original)
>       subprocess.run(['git', 'apply', str(root/'native_planners/patches/ego-3d-goals.patch')],
                       cwd=tmp_path, check=True, capture_output=True)

tests/test_native_control.py:53: 
_ _ _ _ _ _ _ _ _ _ _ _ _ _ _ _ _ _ _ _ _ _ _ _ _ _ _ _ _ _ _ _ _ _ _ _ _ _ _ _ 

input = None, capture_output = True, timeout = None, check = True
popenargs = (['git', 'apply', '/home/tong/tongworkspace/simulation_dev/.worktrees/drone_playground/architecture-v3/native_planners/patches/ego-3d-goals.patch'],)
kwargs = {'cwd': PosixPath('/tmp/pytest-of-tong/pytest-612/test_ego_patch_preserves_recei0'), 'stdout': -1, 'stderr': -1}

    def run(*popenargs,
            input=None, capture_output=False, timeout=None, check=False, **kwargs):
        """Run command with arguments and return a CompletedProcess instance.
    
        The returned instance will have attributes args, returncode, stdout and
        stderr. By default, stdout and stderr are not captured, and those attributes
        will be None. Pass stdout=PIPE and/or stderr=PIPE in order to capture them,
        or pass capture_output=True to capture both.
    
        If check is True and the exit code was non-zero, it raises a
        CalledProcessError. The CalledProcessError object will have the return code
        in the returncode attribute, and output & stderr attributes if those streams
        were captured.
    
        If timeout (seconds) is given and the process takes too long,
         a TimeoutExpired exception will be raised.
    
        There is an optional argument "input", allowing you to
        pass bytes or a string to the subprocess's stdin.  If you use this argument
        you may not also use the Popen constructor's "stdin" argument, as
        it will be used internally.
    
        By default, all communication is in bytes, and therefore any "input" should
        be bytes, and the stdout and stderr will be bytes. If in text mode, any
        "input" should be a string, and stdout and stderr will be strings decoded
        according to locale encoding, or by "encoding" if set. Text mode is
        triggered by setting any of text, encoding, errors or universal_newlines.
    
        The other arguments are the same as for the Popen constructor.
        """
        if input is not None:
            if kwargs.get('stdin') is not None:
                raise ValueError('stdin and input arguments may not both be used.')
            kwargs['stdin'] = PIPE
    
        if capture_output:
            if kwargs.get('stdout') is not None or kwargs.get('stderr') is not None:
                raise ValueError('stdout and stderr arguments may not be used '
                                 'with capture_output.')
            kwargs['stdout'] = PIPE
            kwargs['stderr'] = PIPE
    
        with Popen(*popenargs, **kwargs) as process:
            try:
                stdout, stderr = process.communicate(input, timeout=timeout)
            except TimeoutExpired as exc:
                process.kill()
                if _mswindows:
                    # Windows accumulates the output in a single blocking
                    # read() call run on child threads, with the timeout
                    # being done in a join() on those threads.  communicate()
                    # _after_ kill() is required to collect that and add it
                    # to the exception.
                    exc.stdout, exc.stderr = process.communicate()
                else:
                    # POSIX _communicate already populated the output so
                    # far into the TimeoutExpired exception.
                    process.wait()
                raise
            except:  # Including KeyboardInterrupt, communicate handled that.
                process.kill()
                # We don't call process.wait() as .__exit__ does that for us.
                raise
            retcode = process.poll()
            if check and retcode:
>               raise CalledProcessError(retcode, process.args,
                                         output=stdout, stderr=stderr)
E               subprocess.CalledProcessError: Command '['git', 'apply', '/home/tong/tongworkspace/simulation_dev/.worktrees/drone_playground/architecture-v3/native_planners/patches/ego-3d-goals.patch']' returned non-zero exit status 128.

.pixi/envs/default/lib/python3.13/subprocess.py:577: CalledProcessError
=============================== warnings summary ===============================
tests/test_native_control.py::test_fallback_only_episodes_cannot_pass_native_execution
  /home/tong/tongworkspace/simulation_dev/.worktrees/drone_playground/architecture-v3/.pixi/envs/default/lib/python3.13/site-packages/jaxopt/__init__.py:59: DeprecationWarning: JAXopt is no longer maintained. See https://docs.jax.dev/en/latest/ for alternatives.
    warnings.warn(

-- Docs: https://docs.pytest.org/en/stable/how-to/capture-warnings.html
=========================== short test summary info ============================
FAILED tests/test_native_control.py::test_fallback_only_episodes_cannot_pass_native_execution
FAILED tests/test_native_control.py::test_ego_patch_preserves_received_three_dimensional_goal
2 failed, 7 passed, 1 warning in 4.74s
