FFFFFF                                                                   [100%]
=================================== FAILURES ===================================
__________ test_negative_quality_is_retained_as_completed_experiment ___________

    def test_negative_quality_is_retained_as_completed_experiment():
>       summary = subject().validated_outcomes(
                  ^^^^^^^^^
            {'status':'completed'},
            {'num_trials':2, 'completed':1, 'quality_passed':False,
             'episodes':[{'case':0,'completed':True},{'case':1,'completed':False}]})

tests/test_acceptance_summary.py:18: 
_ _ _ _ _ _ _ _ _ _ _ _ _ _ _ _ _ _ _ _ _ _ _ _ _ _ _ _ _ _ _ _ _ _ _ _ _ _ _ _ 
tests/test_acceptance_summary.py:13: in subject
    spec.loader.exec_module(module)
<frozen importlib._bootstrap_external>:1019: in exec_module
    ???
<frozen importlib._bootstrap_external>:1156: in get_code
    ???
_ _ _ _ _ _ _ _ _ _ _ _ _ _ _ _ _ _ _ _ _ _ _ _ _ _ _ _ _ _ _ _ _ _ _ _ _ _ _ _ 

self = <_frozen_importlib_external.SourceFileLoader object at 0x758c38280bf0>
path = '/home/tong/tongworkspace/simulation_dev/.worktrees/drone_playground/architecture-v3/scripts/tools/summarize_final_acceptance.py'

>   ???
E   FileNotFoundError: [Errno 2] No such file or directory: '/home/tong/tongworkspace/simulation_dev/.worktrees/drone_playground/architecture-v3/scripts/tools/summarize_final_acceptance.py'

<frozen importlib._bootstrap_external>:1214: FileNotFoundError
________ test_native_fallback_is_never_counted_as_functional_execution _________

    def test_native_fallback_is_never_counted_as_functional_execution():
>       summary = subject().validated_outcomes(
                  ^^^^^^^^^
            {'status':'completed', 'engineer_passed':True},
            {'num_trials':1,'completed':1,'quality_passed':True,
             'episodes':[{'case':0,'completed':True}],
             'diagnostics':[{'case':0,'commands':0,'trajectories':0}]}, native=True)

tests/test_acceptance_summary.py:27: 
_ _ _ _ _ _ _ _ _ _ _ _ _ _ _ _ _ _ _ _ _ _ _ _ _ _ _ _ _ _ _ _ _ _ _ _ _ _ _ _ 
tests/test_acceptance_summary.py:13: in subject
    spec.loader.exec_module(module)
<frozen importlib._bootstrap_external>:1019: in exec_module
    ???
<frozen importlib._bootstrap_external>:1156: in get_code
    ???
_ _ _ _ _ _ _ _ _ _ _ _ _ _ _ _ _ _ _ _ _ _ _ _ _ _ _ _ _ _ _ _ _ _ _ _ _ _ _ _ 

self = <_frozen_importlib_external.SourceFileLoader object at 0x758c37f70a70>
path = '/home/tong/tongworkspace/simulation_dev/.worktrees/drone_playground/architecture-v3/scripts/tools/summarize_final_acceptance.py'

>   ???
E   FileNotFoundError: [Errno 2] No such file or directory: '/home/tong/tongworkspace/simulation_dev/.worktrees/drone_playground/architecture-v3/scripts/tools/summarize_final_acceptance.py'

<frozen importlib._bootstrap_external>:1214: FileNotFoundError
__ test_summary_rejects_incomplete_or_inconsistent_evidence[missing_episode] ___

change = 'missing_episode'

    @pytest.mark.parametrize('change', ['missing_episode','count_mismatch','unfinished'])
    def test_summary_rejects_incomplete_or_inconsistent_evidence(change):
        result = {'status':'completed'}
        report = {'num_trials':1,'completed':1,'quality_passed':True,
                  'episodes':[{'case':0,'completed':True}]}
        if change == 'missing_episode':
            report['episodes'] = []
        elif change == 'count_mismatch':
            report['completed'] = 0
        else:
            result['status'] = 'running'
        with pytest.raises(ValueError):
>           subject().validated_outcomes(result, report)
            ^^^^^^^^^

tests/test_acceptance_summary.py:48: 
_ _ _ _ _ _ _ _ _ _ _ _ _ _ _ _ _ _ _ _ _ _ _ _ _ _ _ _ _ _ _ _ _ _ _ _ _ _ _ _ 
tests/test_acceptance_summary.py:13: in subject
    spec.loader.exec_module(module)
<frozen importlib._bootstrap_external>:1019: in exec_module
    ???
<frozen importlib._bootstrap_external>:1156: in get_code
    ???
_ _ _ _ _ _ _ _ _ _ _ _ _ _ _ _ _ _ _ _ _ _ _ _ _ _ _ _ _ _ _ _ _ _ _ _ _ _ _ _ 

self = <_frozen_importlib_external.SourceFileLoader object at 0x758c37f71670>
path = '/home/tong/tongworkspace/simulation_dev/.worktrees/drone_playground/architecture-v3/scripts/tools/summarize_final_acceptance.py'

>   ???
E   FileNotFoundError: [Errno 2] No such file or directory: '/home/tong/tongworkspace/simulation_dev/.worktrees/drone_playground/architecture-v3/scripts/tools/summarize_final_acceptance.py'

<frozen importlib._bootstrap_external>:1214: FileNotFoundError
___ test_summary_rejects_incomplete_or_inconsistent_evidence[count_mismatch] ___

change = 'count_mismatch'

    @pytest.mark.parametrize('change', ['missing_episode','count_mismatch','unfinished'])
    def test_summary_rejects_incomplete_or_inconsistent_evidence(change):
        result = {'status':'completed'}
        report = {'num_trials':1,'completed':1,'quality_passed':True,
                  'episodes':[{'case':0,'completed':True}]}
        if change == 'missing_episode':
            report['episodes'] = []
        elif change == 'count_mismatch':
            report['completed'] = 0
        else:
            result['status'] = 'running'
        with pytest.raises(ValueError):
>           subject().validated_outcomes(result, report)
            ^^^^^^^^^

tests/test_acceptance_summary.py:48: 
_ _ _ _ _ _ _ _ _ _ _ _ _ _ _ _ _ _ _ _ _ _ _ _ _ _ _ _ _ _ _ _ _ _ _ _ _ _ _ _ 
tests/test_acceptance_summary.py:13: in subject
    spec.loader.exec_module(module)
<frozen importlib._bootstrap_external>:1019: in exec_module
    ???
<frozen importlib._bootstrap_external>:1156: in get_code
    ???
_ _ _ _ _ _ _ _ _ _ _ _ _ _ _ _ _ _ _ _ _ _ _ _ _ _ _ _ _ _ _ _ _ _ _ _ _ _ _ _ 

self = <_frozen_importlib_external.SourceFileLoader object at 0x758c37f71190>
path = '/home/tong/tongworkspace/simulation_dev/.worktrees/drone_playground/architecture-v3/scripts/tools/summarize_final_acceptance.py'

>   ???
E   FileNotFoundError: [Errno 2] No such file or directory: '/home/tong/tongworkspace/simulation_dev/.worktrees/drone_playground/architecture-v3/scripts/tools/summarize_final_acceptance.py'

<frozen importlib._bootstrap_external>:1214: FileNotFoundError
_____ test_summary_rejects_incomplete_or_inconsistent_evidence[unfinished] _____

change = 'unfinished'

    @pytest.mark.parametrize('change', ['missing_episode','count_mismatch','unfinished'])
    def test_summary_rejects_incomplete_or_inconsistent_evidence(change):
        result = {'status':'completed'}
        report = {'num_trials':1,'completed':1,'quality_passed':True,
                  'episodes':[{'case':0,'completed':True}]}
        if change == 'missing_episode':
            report['episodes'] = []
        elif change == 'count_mismatch':
            report['completed'] = 0
        else:
            result['status'] = 'running'
        with pytest.raises(ValueError):
>           subject().validated_outcomes(result, report)
            ^^^^^^^^^

tests/test_acceptance_summary.py:48: 
_ _ _ _ _ _ _ _ _ _ _ _ _ _ _ _ _ _ _ _ _ _ _ _ _ _ _ _ _ _ _ _ _ _ _ _ _ _ _ _ 
tests/test_acceptance_summary.py:13: in subject
    spec.loader.exec_module(module)
<frozen importlib._bootstrap_external>:1019: in exec_module
    ???
<frozen importlib._bootstrap_external>:1156: in get_code
    ???
_ _ _ _ _ _ _ _ _ _ _ _ _ _ _ _ _ _ _ _ _ _ _ _ _ _ _ _ _ _ _ _ _ _ _ _ _ _ _ _ 

self = <_frozen_importlib_external.SourceFileLoader object at 0x758c37f71490>
path = '/home/tong/tongworkspace/simulation_dev/.worktrees/drone_playground/architecture-v3/scripts/tools/summarize_final_acceptance.py'

>   ???
E   FileNotFoundError: [Errno 2] No such file or directory: '/home/tong/tongworkspace/simulation_dev/.worktrees/drone_playground/architecture-v3/scripts/tools/summarize_final_acceptance.py'

<frozen importlib._bootstrap_external>:1214: FileNotFoundError
____________ test_paper_navigation_subset_counts_every_failure_once ____________

    def test_paper_navigation_subset_counts_every_failure_once():
        result = {'status':'completed'}
        report = {'num_trials':2,'arrived':0,'collision':1,'timeout':1,
                  'episodes':[{'scene_id':'S01','outcome':'collision'},
                              {'scene_id':'D01','outcome':'timeout'}]}
>       one = subject().validated_outcomes(result, report, scene_prefix='S')
              ^^^^^^^^^

tests/test_acceptance_summary.py:56: 
_ _ _ _ _ _ _ _ _ _ _ _ _ _ _ _ _ _ _ _ _ _ _ _ _ _ _ _ _ _ _ _ _ _ _ _ _ _ _ _ 
tests/test_acceptance_summary.py:13: in subject
    spec.loader.exec_module(module)
<frozen importlib._bootstrap_external>:1019: in exec_module
    ???
<frozen importlib._bootstrap_external>:1156: in get_code
    ???
_ _ _ _ _ _ _ _ _ _ _ _ _ _ _ _ _ _ _ _ _ _ _ _ _ _ _ _ _ _ _ _ _ _ _ _ _ _ _ _ 

self = <_frozen_importlib_external.SourceFileLoader object at 0x758c37f71a90>
path = '/home/tong/tongworkspace/simulation_dev/.worktrees/drone_playground/architecture-v3/scripts/tools/summarize_final_acceptance.py'

>   ???
E   FileNotFoundError: [Errno 2] No such file or directory: '/home/tong/tongworkspace/simulation_dev/.worktrees/drone_playground/architecture-v3/scripts/tools/summarize_final_acceptance.py'

<frozen importlib._bootstrap_external>:1214: FileNotFoundError
=========================== short test summary info ============================
FAILED tests/test_acceptance_summary.py::test_negative_quality_is_retained_as_completed_experiment
FAILED tests/test_acceptance_summary.py::test_native_fallback_is_never_counted_as_functional_execution
FAILED tests/test_acceptance_summary.py::test_summary_rejects_incomplete_or_inconsistent_evidence[missing_episode]
FAILED tests/test_acceptance_summary.py::test_summary_rejects_incomplete_or_inconsistent_evidence[count_mismatch]
FAILED tests/test_acceptance_summary.py::test_summary_rejects_incomplete_or_inconsistent_evidence[unfinished]
FAILED tests/test_acceptance_summary.py::test_paper_navigation_subset_counts_every_failure_once
6 failed in 0.09s
