final-acceptance-heldout-bptt-hovering-v1 read 5
final-acceptance-heldout-bptt-navigation-dynamic-v2 read 6
final-acceptance-heldout-bptt-navigation-static-v2 read 6
final-acceptance-heldout-bptt-racing-v1 read 5
final-acceptance-heldout-bptt-tracking-v1 read 5
final-acceptance-heldout-pointcloud-hovering-v1 read 32
final-acceptance-heldout-pointcloud-racing-v1 read 32
final-acceptance-heldout-pointcloud-tracking-v1 read 32
final-acceptance-heldout-ppo-hovering-v1 read 5
final-acceptance-heldout-ppo-navigation-dynamic-v2 read 6
final-acceptance-heldout-ppo-navigation-static-v2 read 6
final-acceptance-heldout-ppo-racing-v1 read 5
final-acceptance-heldout-ppo-tracking-v1 read 5
final-acceptance-heldout-shac-hovering-v1 read 5
final-acceptance-heldout-shac-navigation-dynamic-v2 read 6
final-acceptance-heldout-shac-navigation-static-v2 read 6
final-acceptance-heldout-shac-racing-trained-v1 read 5
final-acceptance-heldout-shac-tracking-v1 read 5
final-acceptance-native-ego_planner-dynamic-v2 read 6
final-acceptance-native-ego_planner-hovering-v2 read 2
final-acceptance-native-ego_planner-racing-v3 read 2
final-acceptance-native-ego_planner-static-v2 read 6
final-acceptance-native-ego_planner-tracking-v2 read 2
final-acceptance-native-super-dynamic-v2 read 6
final-acceptance-native-super-hovering-v2 read 2
final-acceptance-native-super-racing-v3 read 2
final-acceptance-native-super-static-v2 read 6
final-acceptance-native-super-tracking-v2 read 2
final-acceptance-pointcloud-navigation-30000-v2 read 32
replay readback 245 play entries 6
