..................................................F..................... [ 28%]
...........................F..F...................................FF.. [ 57%]
....F......................................................F............ [ 85%]
..F.......................F........                                      [100%]
=================================== FAILURES ===================================
_______ test_composition_requires_a_sensor_for_a_perception_observation ________
tests/test_depth_sensor.py:398: in test_composition_requires_a_sensor_for_a_perception_observation
    with pytest.raises(ValueError, match="requires an observation.sensor"):
         ^^^^^^^^^^^^^^^^^^^^^^^^^^^^^^^^^^^^^^^^^^^^^^^^^^^^^^^^^^^^^^^^^
E   AssertionError: Regex pattern did not match.
E     Expected regex: 'requires an observation.sensor'
E     Actual message: 'Missing environment component: sensor'
____ LOTFReviewTests.test_evaluation_ignores_archived_training_only_budget _____
tests/test_lotf_review.py:153: in test_evaluation_ignores_archived_training_only_budget
    from drone_playground.composition import run_experiment
E   ImportError: cannot import name 'lotf_bptt' from 'drone_playground.learning' (/home/tong/tongworkspace/simulation_dev/.worktrees/drone_playground/architecture-v3/src/drone_playground/learning/__init__.py)
_ LOTFReviewTests.test_resume_inherits_best_before_snapshot_and_excludes_future _
tests/test_lotf_review.py:90: in test_resume_inherits_best_before_snapshot_and_excludes_future
    from drone_playground.learning.algorithms import lotf_bptt as module
    ^^^^^^^^^^^^^^^^^^^^^^^^^^^^^^^^^^^^^^^^^^^^^^^^^^^^^^^^^
E   ImportError: cannot import name 'lotf_bptt' from 'drone_playground.learning' (/home/tong/tongworkspace/simulation_dev/.worktrees/drone_playground/architecture-v3/src/drone_playground/learning/__init__.py)
_ NumericalBoundaryTests.test_divergent_but_finite_angular_rate_is_a_numerical_failure _
tests/test_numerical_boundary.py:41: in test_divergent_but_finite_angular_rate_is_a_numerical_failure
    self.assertTrue(bool(out.done))
E   AssertionError: False is not true
_ NumericalBoundaryTests.test_same_step_reset_keeps_learner_observations_and_second_moments_finite _
tests/test_numerical_boundary.py:56: in test_same_step_reset_keeps_learner_observations_and_second_moments_finite
    np.testing.assert_array_equal(out.metrics["numerical_failure"], [1.0, 1.0])
E   AssertionError: 
E   Arrays are not equal
E   
E   Mismatched elements: 2 / 2 (100%)
E   Mismatch at indices:
E    [0]: 0.0 (ACTUAL), 1.0 (DESIRED)
E    [1]: 0.0 (ACTUAL), 1.0 (DESIRED)
E   Max absolute difference among violations: 1.
E   Max relative difference among violations: 1.
E    ACTUAL: array([0., 0.], dtype=float32)
E    DESIRED: array([1., 1.])
________ test_dynamic_presets_keep_the_same_matched_perception_contract ________
tests/test_perception_ppo.py:95: in test_dynamic_presets_keep_the_same_matched_perception_contract
    assert a["method"] == b["method"]
           ^^^^^^^^^^^
E   KeyError: 'policy'
____ test_summary_output_contains_actual_slots_and_refuses_source_overwrite ____
tests/test_pointcloud_summary.py:227: in test_summary_output_contains_actual_slots_and_refuses_source_overwrite
    assert slots["env"]["sensor"]["azimuth_count"] == 180
           ^^^^^^^^^^^^^^^^^^^^
E   KeyError: 'observation'
___ RacingTests.test_physical_disturbance_seeds_and_actual_short_shac_update ___
tests/test_racing.py:67: in test_physical_disturbance_seeds_and_actual_short_shac_update
    from drone_playground.learning.algorithms import shac
    ^^^^^^^^^^^^^^^^^^^^^^^^^^^^^^^^^^^^^^^^^^
E   ImportError: cannot import name 'shac' from 'drone_playground.learning' (/home/tong/tongworkspace/simulation_dev/.worktrees/drone_playground/architecture-v3/src/drone_playground/learning/__init__.py)
______ SHACTests.test_public_checkpoint_uses_same_brax_inference_contract ______
tests/test_shac.py:109: in test_public_checkpoint_uses_same_brax_inference_contract
    path = save_policy(Path(directory), p, config, 16)
           ^^^^^^^^^^^^^^^^^^^^^^^^^^^^^^^^^^^^^^^^^^^
src/drone_playground/runs/checkpoints.py:32: in save_policy
    config=require_current(config),
           ^^^^^^^^^^^^^^^^^^^^^^^
src/drone_playground/runs/migration.py:154: in require_current
    raise ValueError("旧配置需要显式迁移：python scripts/tools/migrate_artifact.py 源文件 目标目录")
E   ValueError: 旧配置需要显式迁移：python scripts/tools/migrate_artifact.py 源文件 目标目录
=============================== warnings summary ===============================
.pixi/envs/default/lib/python3.13/site-packages/jaxopt/__init__.py:59
  /home/tong/tongworkspace/simulation_dev/.worktrees/drone_playground/architecture-v3/.pixi/envs/default/lib/python3.13/site-packages/jaxopt/__init__.py:59: DeprecationWarning: JAXopt is no longer maintained. See https://docs.jax.dev/en/latest/ for alternatives.
    warnings.warn(

tests/test_dva_navigation.py: 12 warnings
tests/test_shac.py: 6 warnings
  /home/tong/tongworkspace/simulation_dev/.worktrees/drone_playground/architecture-v3/.pixi/envs/default/lib/python3.13/site-packages/optax/_src/linear_algebra.py:44: DeprecationWarning: optax.global_norm is deprecated in favor of optax.tree.norm
    warnings.warn(

-- Docs: https://docs.pytest.org/en/stable/how-to/capture-warnings.html
=========================== short test summary info ============================
FAILED tests/test_depth_sensor.py::test_composition_requires_a_sensor_for_a_perception_observation
FAILED tests/test_lotf_review.py::LOTFReviewTests::test_evaluation_ignores_archived_training_only_budget
FAILED tests/test_lotf_review.py::LOTFReviewTests::test_resume_inherits_best_before_snapshot_and_excludes_future
FAILED tests/test_numerical_boundary.py::NumericalBoundaryTests::test_divergent_but_finite_angular_rate_is_a_numerical_failure
FAILED tests/test_numerical_boundary.py::NumericalBoundaryTests::test_same_step_reset_keeps_learner_observations_and_second_moments_finite
FAILED tests/test_perception_ppo.py::test_dynamic_presets_keep_the_same_matched_perception_contract
FAILED tests/test_pointcloud_summary.py::test_summary_output_contains_actual_slots_and_refuses_source_overwrite
FAILED tests/test_racing.py::RacingTests::test_physical_disturbance_seeds_and_actual_short_shac_update
FAILED tests/test_shac.py::SHACTests::test_public_checkpoint_uses_same_brax_inference_contract
9 failed, 240 passed, 19 warnings, 2 subtests passed in 1744.22s (0:29:04)
